2026-09-08 01:59:49.041 INFO   Freerouting v2.4.1 (build-date: 2026-09-03)
2026-09-08 01:59:52.096 INFO   [03DA75\C74A17] Loading board file 'aura-a03.dsn'...
2026-09-08 01:59:52.979 INFO   [03DA75\C74A17] Job '03DA75\C74A17' started at 2026-09-07T20:14:52.978743200Z.
2026-09-08 01:59:53.326 INFO   [03DA75\C74A17] Fanout stage started on board 'cad392448f29960bcdbed5672bb8cd9a' with 210 of 247 SMD pins needing fanout (0 already connected, 37 netless).
2026-09-08 02:00:12.849 INFO   [03DA75\C74A17] Fanout pass #1 on board 'b48a09a2ab1bfa922b6d784669e822a5' completed in 19.36 seconds with 202 SMD pins fanouted, 6 not routed, 0 insert errors, +52 extra vias (0 SMD pins still to check in pass, ripup costs=100).
2026-09-08 02:00:23.543 INFO   [03DA75\C74A17] Fanout pass #2 on board '2f9fac21be18c2814cc2027734e9f82e' completed in 10.66 seconds with 98 SMD pins fanouted, 6 not routed, 0 insert errors, +21 extra vias (0 SMD pins still to check in pass, ripup costs=200).
2026-09-08 02:00:26.933 INFO   [03DA75\C74A17] Fanout pass #3 on board 'e2d96ffc94c995ade48e2f8a80d49b97' completed in 3.36 seconds with 56 SMD pins fanouted, 12 not routed, 0 insert errors, +21 extra vias (0 SMD pins still to check in pass, ripup costs=300).
2026-09-08 02:00:29.165 INFO   [03DA75\C74A17] Fanout pass #4 on board '97d8d56453317e6252bc7fc700ac567b' completed in 2.20 seconds with 32 SMD pins fanouted, 11 not routed, 0 insert errors, +2 extra vias (0 SMD pins still to check in pass, ripup costs=400).
2026-09-08 02:00:31.865 INFO   [03DA75\C74A17] Fanout pass #5 on board '4450e2694ab7e445c0e7d382bef2dc38' completed in 2.68 seconds with 36 SMD pins fanouted, 10 not routed, 0 insert errors, +0 extra vias (0 SMD pins still to check in pass, ripup costs=500).
2026-09-08 02:00:34.276 INFO   [03DA75\C74A17] Fanout pass #6 on board '39bfe94c3e596d08d11d0fa66dd8c45d' completed in 2.39 seconds with 33 SMD pins fanouted, 11 not routed, 0 insert errors, +3 extra vias (0 SMD pins still to check in pass, ripup costs=600).
2026-09-08 02:00:36.345 INFO   [03DA75\C74A17] Fanout pass #7 on board 'efa190c7ef018e5298ac9b7afa2b6f9b' completed in 2.05 seconds with 33 SMD pins fanouted, 10 not routed, 0 insert errors, +3 extra vias (0 SMD pins still to check in pass, ripup costs=700).
2026-09-08 02:00:39.313 INFO   [03DA75\C74A17] Fanout pass #8 on board '5e6476f718afb40381da7459bd6efc4f' completed in 2.94 seconds with 31 SMD pins fanouted, 10 not routed, 0 insert errors, +0 extra vias (0 SMD pins still to check in pass, ripup costs=800).
2026-09-08 02:00:42.101 INFO   [03DA75\C74A17] Fanout pass #9 on board 'f2adfe25cbd03a0f7d1b327451ccf7ef' completed in 2.75 seconds with 30 SMD pins fanouted, 8 not routed, 0 insert errors, +10 extra vias (0 SMD pins still to check in pass, ripup costs=900).
2026-09-08 02:00:44.226 INFO   [03DA75\C74A17] Fanout pass #10 on board '614f54b0e48fa924ed8ead507f255773' completed in 2.09 seconds with 17 SMD pins fanouted, 8 not routed, 0 insert errors, +7 extra vias (0 SMD pins still to check in pass, ripup costs=1000).
2026-09-08 02:00:45.549 INFO   [03DA75\C74A17] Fanout pass #11 on board 'ad6d51aea5f97b265d415f5b51a3ee6a' completed in 1.29 seconds with 16 SMD pins fanouted, 8 not routed, 0 insert errors, +0 extra vias (0 SMD pins still to check in pass, ripup costs=1100).
2026-09-08 02:00:47.404 INFO   [03DA75\C74A17] Fanout pass #12 on board 'c893b24a57fd2542fa66a1a533605766' completed in 1.82 seconds with 16 SMD pins fanouted, 8 not routed, 0 insert errors, +1 extra via (0 SMD pins still to check in pass, ripup costs=1200).
2026-09-08 02:00:49.073 INFO   [03DA75\C74A17] Fanout pass #13 on board '1c52f519f5dbf54d005aa254018df652' completed in 1.64 seconds with 20 SMD pins fanouted, 7 not routed, 0 insert errors, +0 extra vias (0 SMD pins still to check in pass, ripup costs=1300).
2026-09-08 02:00:50.771 INFO   [03DA75\C74A17] Fanout pass #14 on board '77bbac35af2123d93dfe73700effb423' completed in 1.67 seconds with 16 SMD pins fanouted, 12 not routed, 0 insert errors, +2 extra vias (0 SMD pins still to check in pass, ripup costs=1400).
2026-09-08 02:00:52.110 INFO   [03DA75\C74A17] Fanout pass #15 on board '6dc58f288dcdaf47b06b07ca2b001a43' completed in 1.32 seconds with 18 SMD pins fanouted, 10 not routed, 0 insert errors, +0 extra vias (0 SMD pins still to check in pass, ripup costs=1500).
2026-09-08 02:00:53.567 INFO   [03DA75\C74A17] Fanout pass #16 on board 'd8c7147a3d1b22029d0448e92810ecda' completed in 1.43 seconds with 19 SMD pins fanouted, 8 not routed, 0 insert errors, +0 extra vias (0 SMD pins still to check in pass, ripup costs=1600).
2026-09-08 02:00:55.033 INFO   [03DA75\C74A17] Fanout pass #17 on board '465588efe6d5950013d18174603bee22' completed in 1.44 seconds with 19 SMD pins fanouted, 8 not routed, 0 insert errors, +0 extra vias (0 SMD pins still to check in pass, ripup costs=1700).
2026-09-08 02:00:56.349 INFO   [03DA75\C74A17] Fanout pass #18 on board 'a61ca00eea2b40eac2df80fa565078a2' completed in 1.30 seconds with 20 SMD pins fanouted, 8 not routed, 0 insert errors, +0 extra vias (0 SMD pins still to check in pass, ripup costs=1800).
2026-09-08 02:00:57.846 INFO   [03DA75\C74A17] Fanout pass #19 on board 'abee74ae7935318ae593d4de58d6775f' completed in 1.47 seconds with 23 SMD pins fanouted, 8 not routed, 0 insert errors, +0 extra vias (0 SMD pins still to check in pass, ripup costs=1900).
2026-09-08 02:00:59.419 INFO   [03DA75\C74A17] Fanout pass #20 on board '0be674981afd8d7e952cc1358943f430' completed in 1.55 seconds with 20 SMD pins fanouted, 8 not routed, 0 insert errors, +1 extra via (0 SMD pins still to check in pass, ripup costs=2000).
2026-09-08 02:00:59.492 INFO   [03DA75\C74A17] Fanout stage completed: started with 210 total SMD pins, completed in 66.08 seconds, escaped pins: 192/210 (91.4%), using 59.00 total CPU seconds, 151.39 GB total allocated, and 163.3 MB peak heap usage.
2026-09-08 02:00:59.522 INFO   [03DA75\C74A17] Auto-routing stage started on board '0be674981afd8d7e952cc1358943f430' for 77 unrouted items.
2026-09-08 02:02:46.974 INFO   [03DA75\C74A17] Auto-routing pass #1 on board '0be674981afd8d7e952cc1358943f430' was completed in 106.74 seconds with score 809.57 (31 unrouted and 4 violations), using 160.02 CPU seconds and the job allocated 340.09 GB of memory so far.
2026-09-08 02:05:04.539 INFO   [03DA75\C74A17] Auto-routing pass #2 on board '969dacb96d179f4e687ac440d535da18' was completed in 136.43 seconds with score 845.50 (25 unrouted and 4 violations), using 281.47 CPU seconds and the job allocated 488.97 GB of memory so far.
2026-09-08 02:06:09.393 INFO   [03DA75\C74A17] Auto-routing pass #3 on board 'b324f4901681f0776ce62a04ab56833a' was completed in 64.01 seconds with score 893.40 (17 unrouted and 4 violations), using 342.95 CPU seconds and the job allocated 613.35 GB of memory so far.
2026-09-08 02:07:25.698 INFO   [03DA75\C74A17] Auto-routing pass #4 on board 'e32af5b95fb1f47807e8100110a2b1cb' was completed in 75.24 seconds with score 893.40 (17 unrouted and 4 violations), using 412.31 CPU seconds and the job allocated 727.51 GB of memory so far.
2026-09-08 02:08:37.267 INFO   [03DA75\C74A17] Auto-routing pass #5 on board '02b9cb80f595bd1372f5d22477d1548e' was completed in 70.09 seconds with score 917.35 (13 unrouted and 4 violations), using 480.27 CPU seconds and the job allocated 855.84 GB of memory so far.
2026-09-08 02:10:30.519 INFO   [03DA75\C74A17] Auto-routing pass #6 on board '0e605ed0b9d44370726e24dc4c524518' was completed in 111.42 seconds with score 929.33 (11 unrouted and 4 violations), using 580.67 CPU seconds and the job allocated 969.00 GB of memory so far.
2026-09-08 02:11:42.335 INFO   [03DA75\C74A17] Auto-routing pass #7 on board 'ad6fc533b69c318a26a1739a9dc51e3f' was completed in 70.54 seconds with score 923.34 (12 unrouted and 4 violations), using 648.80 CPU seconds and the job allocated 1087.74 GB of memory so far.
2026-09-08 02:12:37.888 INFO   [03DA75\C74A17] Auto-routing pass #8 on board 'faba1a8c48d1446774577d1d207f0275' was completed in 54.18 seconds with score 929.33 (11 unrouted and 4 violations), using 701.08 CPU seconds and the job allocated 1193.56 GB of memory so far.
2026-09-08 02:14:32.767 INFO   [03DA75\C74A17] Auto-routing pass #9 on board '63ae087d03b3861e6e170a6cb94d1d03' was completed in 113.58 seconds with score 917.35 (13 unrouted and 4 violations), using 803.06 CPU seconds and the job allocated 1310.79 GB of memory so far.
2026-09-08 02:17:13.404 INFO   [03DA75\C74A17] Auto-routing pass #10 on board '461f3a07712f7046c22672310dea2671' was completed in 157.78 seconds with score 929.33 (11 unrouted and 4 violations), using 919.83 CPU seconds and the job allocated 1412.64 GB of memory so far.
2026-09-08 02:19:29.554 INFO   [03DA75\C74A17] Auto-routing pass #11 on board 'f8a1a1c1b89c083d415e8ccdef09df48' was completed in 134.77 seconds with score 923.34 (12 unrouted and 4 violations), using 1030.89 CPU seconds and the job allocated 1530.99 GB of memory so far.
2026-09-08 02:21:56.899 INFO   [03DA75\C74A17] Auto-routing pass #12 on board 'ad6fc533b69c318a26a1739a9dc51e3f' was completed in 0.00 seconds with score 929.33 (11 unrouted and 4 violations), using 1151.20 CPU seconds and the job allocated 1640.09 GB of memory so far.
2026-09-08 02:22:00.450 INFO   [03DA75\C74A17] Auto-routing stage completed: started with 167 unrouted nets, completed in 1325.55 seconds, final score: 929.33 (11 unrouted and 4 violations), using 1153.45 total CPU seconds, 1642.68 GB total allocated, and 340.4 MB peak heap usage.
2026-09-08 02:22:02.160 INFO   [03DA75\C74A17] Optimization stage started on board 'f11f06dc3a8896d42d7e063cb0e120b2' with score 923.34 (12 unrouted and 4 violations).
2026-09-08 02:23:30.892 INFO   [03DA75\C74A17] Stopping optimization pass #1 early after 50 consecutive items could not be improved.
2026-09-08 02:23:33.268 INFO   [03DA75\C74A17] Optimizer pass #1 on board 'fccb9962f3e8bba85264c2ac3381d204' was completed in 85.70 seconds with the score of 923.34 (12 unrouted and 4 violations).
2026-09-08 02:23:36.068 INFO   [03DA75\C74A17] Stopping optimizer because the improvement in this pass (0.0000%) is below the threshold (1.00%).
2026-09-08 02:23:38.886 INFO   [03DA75\C74A17] Optimization stage completed: started with score 923.34 (12 unrouted and 4 violations), completed in 93.94 seconds, final score: 923.34 (12 unrouted and 4 violations), using 65.05 total CPU seconds, 144.71 GB total allocated, and 256.1 MB peak heap usage.
2026-09-08 02:23:38.993 INFO   [03DA75\C74A17] Job '03DA75\C74A17' finished with state: COMPLETED (elapsed: 23 minutes 46.01 seconds, finished at UTC: 2026-09-07T20:38:38.988855700Z).
2026-09-08 02:23:39.307 INFO   Saving output file 'F:\circuit\hardware\output\aura-a03-route-attempt.ses' (SES)...
2026-09-08 02:23:39.317 INFO   Successfully saved output file 'F:\circuit\hardware\output\aura-a03-route-attempt.ses' (88251 bytes).
