Input #0, mov,mp4,m4a,3gp,3g2,mj2, from 'renders/aura-launch.mp4':
  Metadata:
    minor_version   : 512
    major_brand     : isom
    compatible_brands: isomiso2avc1mp41
    hyperframes_version: 0.0.0-dev
    hyperframes_renderer: hyperframes
    encoder         : Lavf62.12.101
  Duration: 00:00:44.00, start: 0.000000, bitrate: 2448 kb/s
  Stream #0:0[0x1](und): Video: h264 (High) (avc1 / 0x31637661), yuv420p(tv, bt709, progressive), 1920x1080 [SAR 1:1 DAR 16:9], 2249 kb/s, 30 fps, 30 tbr, 15360 tbn (default)
    Metadata:
      handler_name    : VideoHandler
      encoder         : Lavc62.28.101 libx264
  Stream #0:1[0x2](und): Audio: aac (LC) (mp4a / 0x6134706D), 48000 Hz, stereo, fltp, 192 kb/s (default)
    Metadata:
      handler_name    : SoundHandler
Stream mapping:
  Stream #0:0 -> #0:0 (h264 (native) -> mjpeg (native))
Press [q] to stop, [?] for help
Output #0, image2, to 'renders/contact-sheet.jpg':
  Metadata:
    minor_version   : 512
    major_brand     : isom
    compatible_brands: isomiso2avc1mp41
    hyperframes_version: 0.0.0-dev
    hyperframes_renderer: hyperframes
    encoder         : Lavf62.12.101
  Stream #0:0(und): Video: mjpeg, yuv420p(pc, bt709, progressive), 1920x1080 [SAR 1:1 DAR 16:9], q=2-31, 200 kb/s, 3.33 fps, 3.33 tbn (default)
    Metadata:
      encoder         : Lavc62.28.101 mjpeg
      handler_name    : VideoHandler
    Side data:
      CPB properties: bitrate max/min/avg: 0/0/200000 buffer size: 0 vbv_delay: N/A
[out#0/image2 @ 0000019599a80500] video:128KiB audio:0KiB subtitle:0KiB other streams:0KiB global headers:0KiB muxing overhead: unknown
frame=    1 fps=0.2 q=2.0 Lsize=N/A time=00:00:00.30 bitrate=N/A dup=9 drop=0 speed=0.0632x elapsed=0:00:04.74    
