
◆  Rendering aura-launch → F:\circuit\film\aura-launch\renders\aura-launch.mp4
   30fps · high · 1 workers
   GPU: browser GPU (forced)

[?25l|
o  Browser: cache
[?25h  █░░░░░░░░░░░░░░░░░░░░░░░░  5%  Compiling composition
  ██░░░░░░░░░░░░░░░░░░░░░░░  10%  Extracting video frames
  █████░░░░░░░░░░░░░░░░░░░░  20%  Processing audio tracks
  ██████░░░░░░░░░░░░░░░░░░░  25%  Starting frame capture
[BrowserManager] Browser launched (HeadlessChrome/152.0.7977.30, screenshot, gl=--use-gl=angle --use-angle=d3d11, headlessShell=true, platform=win32)
[initSession:screenshot] page.goto start (1ms)
[HyperFrames] render runtime fps [object Object]
[initSession:screenshot] page.goto complete (1048ms)
[initSession:screenshot] GSAP proxy flush complete (1075ms)
[initSession:screenshot] pollHfReady complete (1124ms)
[initSession:screenshot] pollSubCompositionTimelines complete (ready) (1206ms)
[initSession:screenshot] applyVideoMetadataHints complete (1207ms)
[initSession:screenshot] media + fonts + tailwind ready (2204ms)
[engine] fast capture: falling back to screenshot capture — webgl-context detected (drawElementImage cannot reproduce it; see fast-capture-limitations.md)
[initSession:screenshot] static-frame dedup: disabled (canvas/webgl) (2407ms)
  ██████░░░░░░░░░░░░░░░░░░░  25%  Streaming frame 1/1320
  ██████░░░░░░░░░░░░░░░░░░░  25%  Streaming frame 2/1320
  ██████░░░░░░░░░░░░░░░░░░░  25%  Streaming frame 3/1320
  ██████░░░░░░░░░░░░░░░░░░░  25%  Streaming frame 4/1320
  ██████░░░░░░░░░░░░░░░░░░░  25%  Streaming frame 5/1320
  ██████░░░░░░░░░░░░░░░░░░░  25%  Streaming frame 6/1320
  ██████░░░░░░░░░░░░░░░░░░░  25%  Streaming frame 7/1320
  ██████░░░░░░░░░░░░░░░░░░░  25%  Streaming frame 8/1320
  ██████░░░░░░░░░░░░░░░░░░░  25%  Streaming frame 9/1320
  ██████░░░░░░░░░░░░░░░░░░░  25%  Streaming frame 10/1320
  ██████░░░░░░░░░░░░░░░░░░░  25%  Streaming frame 11/1320
  ██████░░░░░░░░░░░░░░░░░░░  26%  Streaming frame 12/1320
  ██████░░░░░░░░░░░░░░░░░░░  26%  Streaming frame 13/1320
  ██████░░░░░░░░░░░░░░░░░░░  26%  Streaming frame 14/1320
  ██████░░░░░░░░░░░░░░░░░░░  26%  Streaming frame 15/1320
  ██████░░░░░░░░░░░░░░░░░░░  26%  Streaming frame 16/1320
  ██████░░░░░░░░░░░░░░░░░░░  26%  Streaming frame 17/1320
  ██████░░░░░░░░░░░░░░░░░░░  26%  Streaming frame 18/1320
  ██████░░░░░░░░░░░░░░░░░░░  26%  Streaming frame 19/1320
  ██████░░░░░░░░░░░░░░░░░░░  26%  Streaming frame 20/1320
  ██████░░░░░░░░░░░░░░░░░░░  26%  Streaming frame 21/1320
  ██████░░░░░░░░░░░░░░░░░░░  26%  Streaming frame 22/1320
  ██████░░░░░░░░░░░░░░░░░░░  26%  Streaming frame 23/1320
  ██████░░░░░░░░░░░░░░░░░░░  26%  Streaming frame 24/1320
  ██████░░░░░░░░░░░░░░░░░░░  26%  Streaming frame 25/1320
  ██████░░░░░░░░░░░░░░░░░░░  26%  Streaming frame 26/1320
  ██████░░░░░░░░░░░░░░░░░░░  26%  Streaming frame 27/1320
  ██████░░░░░░░░░░░░░░░░░░░  26%  Streaming frame 28/1320
  ██████░░░░░░░░░░░░░░░░░░░  26%  Streaming frame 29/1320
  ██████░░░░░░░░░░░░░░░░░░░  26%  Streaming frame 30/1320
  ██████░░░░░░░░░░░░░░░░░░░  26%  Streaming frame 31/1320
  ██████░░░░░░░░░░░░░░░░░░░  26%  Streaming frame 32/1320
  ██████░░░░░░░░░░░░░░░░░░░  26%  Streaming frame 33/1320
  ██████░░░░░░░░░░░░░░░░░░░  26%  Streaming frame 34/1320
  ██████░░░░░░░░░░░░░░░░░░░  26%  Streaming frame 35/1320
  ██████░░░░░░░░░░░░░░░░░░░  27%  Streaming frame 36/1320
  ██████░░░░░░░░░░░░░░░░░░░  27%  Streaming frame 37/1320
  ██████░░░░░░░░░░░░░░░░░░░  27%  Streaming frame 38/1320
  ██████░░░░░░░░░░░░░░░░░░░  27%  Streaming frame 39/1320
  ██████░░░░░░░░░░░░░░░░░░░  27%  Streaming frame 40/1320
  ██████░░░░░░░░░░░░░░░░░░░  27%  Streaming frame 41/1320
  ██████░░░░░░░░░░░░░░░░░░░  27%  Streaming frame 42/1320
  ██████░░░░░░░░░░░░░░░░░░░  27%  Streaming frame 43/1320
  ██████░░░░░░░░░░░░░░░░░░░  27%  Streaming frame 44/1320
  ██████░░░░░░░░░░░░░░░░░░░  27%  Streaming frame 45/1320
  ██████░░░░░░░░░░░░░░░░░░░  27%  Streaming frame 46/1320
  ██████░░░░░░░░░░░░░░░░░░░  27%  Streaming frame 47/1320
  ██████░░░░░░░░░░░░░░░░░░░  27%  Streaming frame 48/1320
  ██████░░░░░░░░░░░░░░░░░░░  27%  Streaming frame 49/1320
  ██████░░░░░░░░░░░░░░░░░░░  27%  Streaming frame 50/1320
  ██████░░░░░░░░░░░░░░░░░░░  27%  Streaming frame 51/1320
  ██████░░░░░░░░░░░░░░░░░░░  27%  Streaming frame 52/1320
  ██████░░░░░░░░░░░░░░░░░░░  27%  Streaming frame 53/1320
  ██████░░░░░░░░░░░░░░░░░░░  27%  Streaming frame 54/1320
  ██████░░░░░░░░░░░░░░░░░░░  27%  Streaming frame 55/1320
  ██████░░░░░░░░░░░░░░░░░░░  27%  Streaming frame 56/1320
  ██████░░░░░░░░░░░░░░░░░░░  27%  Streaming frame 57/1320
  ██████░░░░░░░░░░░░░░░░░░░  27%  Streaming frame 58/1320
  ██████░░░░░░░░░░░░░░░░░░░  27%  Streaming frame 59/1320
  ███████░░░░░░░░░░░░░░░░░░  28%  Streaming frame 60/1320
  ███████░░░░░░░░░░░░░░░░░░  28%  Streaming frame 61/1320
  ███████░░░░░░░░░░░░░░░░░░  28%  Streaming frame 62/1320
  ███████░░░░░░░░░░░░░░░░░░  28%  Streaming frame 63/1320
  ███████░░░░░░░░░░░░░░░░░░  28%  Streaming frame 64/1320
  ███████░░░░░░░░░░░░░░░░░░  28%  Streaming frame 65/1320
  ███████░░░░░░░░░░░░░░░░░░  28%  Streaming frame 66/1320
  ███████░░░░░░░░░░░░░░░░░░  28%  Streaming frame 67/1320
  ███████░░░░░░░░░░░░░░░░░░  28%  Streaming frame 68/1320
  ███████░░░░░░░░░░░░░░░░░░  28%  Streaming frame 69/1320
  ███████░░░░░░░░░░░░░░░░░░  28%  Streaming frame 70/1320
  ███████░░░░░░░░░░░░░░░░░░  28%  Streaming frame 71/1320
  ███████░░░░░░░░░░░░░░░░░░  28%  Streaming frame 72/1320
  ███████░░░░░░░░░░░░░░░░░░  28%  Streaming frame 73/1320
  ███████░░░░░░░░░░░░░░░░░░  28%  Streaming frame 74/1320
  ███████░░░░░░░░░░░░░░░░░░  28%  Streaming frame 75/1320
  ███████░░░░░░░░░░░░░░░░░░  28%  Streaming frame 76/1320
  ███████░░░░░░░░░░░░░░░░░░  28%  Streaming frame 77/1320
  ███████░░░░░░░░░░░░░░░░░░  28%  Streaming frame 78/1320
  ███████░░░░░░░░░░░░░░░░░░  28%  Streaming frame 79/1320
  ███████░░░░░░░░░░░░░░░░░░  28%  Streaming frame 80/1320
  ███████░░░░░░░░░░░░░░░░░░  28%  Streaming frame 81/1320
  ███████░░░░░░░░░░░░░░░░░░  28%  Streaming frame 82/1320
  ███████░░░░░░░░░░░░░░░░░░  28%  Streaming frame 83/1320
  ███████░░░░░░░░░░░░░░░░░░  29%  Streaming frame 84/1320
  ███████░░░░░░░░░░░░░░░░░░  29%  Streaming frame 85/1320
  ███████░░░░░░░░░░░░░░░░░░  29%  Streaming frame 86/1320
  ███████░░░░░░░░░░░░░░░░░░  29%  Streaming frame 87/1320
  ███████░░░░░░░░░░░░░░░░░░  29%  Streaming frame 88/1320
  ███████░░░░░░░░░░░░░░░░░░  29%  Streaming frame 89/1320
  ███████░░░░░░░░░░░░░░░░░░  29%  Streaming frame 90/1320
  ███████░░░░░░░░░░░░░░░░░░  29%  Streaming frame 91/1320
  ███████░░░░░░░░░░░░░░░░░░  29%  Streaming frame 92/1320
  ███████░░░░░░░░░░░░░░░░░░  29%  Streaming frame 93/1320
  ███████░░░░░░░░░░░░░░░░░░  29%  Streaming frame 94/1320
  ███████░░░░░░░░░░░░░░░░░░  29%  Streaming frame 95/1320
  ███████░░░░░░░░░░░░░░░░░░  29%  Streaming frame 96/1320
  ███████░░░░░░░░░░░░░░░░░░  29%  Streaming frame 97/1320
  ███████░░░░░░░░░░░░░░░░░░  29%  Streaming frame 98/1320
  ███████░░░░░░░░░░░░░░░░░░  29%  Streaming frame 99/1320
  ███████░░░░░░░░░░░░░░░░░░  29%  Streaming frame 100/1320
  ███████░░░░░░░░░░░░░░░░░░  29%  Streaming frame 101/1320
  ███████░░░░░░░░░░░░░░░░░░  29%  Streaming frame 102/1320
  ███████░░░░░░░░░░░░░░░░░░  29%  Streaming frame 103/1320
  ███████░░░░░░░░░░░░░░░░░░  29%  Streaming frame 104/1320
  ███████░░░░░░░░░░░░░░░░░░  29%  Streaming frame 105/1320
  ███████░░░░░░░░░░░░░░░░░░  29%  Streaming frame 106/1320
  ███████░░░░░░░░░░░░░░░░░░  29%  Streaming frame 107/1320
  ███████░░░░░░░░░░░░░░░░░░  30%  Streaming frame 108/1320
  ███████░░░░░░░░░░░░░░░░░░  30%  Streaming frame 109/1320
  ███████░░░░░░░░░░░░░░░░░░  30%  Streaming frame 110/1320
  ███████░░░░░░░░░░░░░░░░░░  30%  Streaming frame 111/1320
  ███████░░░░░░░░░░░░░░░░░░  30%  Streaming frame 112/1320
  ███████░░░░░░░░░░░░░░░░░░  30%  Streaming frame 113/1320
  ███████░░░░░░░░░░░░░░░░░░  30%  Streaming frame 114/1320
  ███████░░░░░░░░░░░░░░░░░░  30%  Streaming frame 115/1320
  ███████░░░░░░░░░░░░░░░░░░  30%  Streaming frame 116/1320
  ███████░░░░░░░░░░░░░░░░░░  30%  Streaming frame 117/1320
  ███████░░░░░░░░░░░░░░░░░░  30%  Streaming frame 118/1320
  ███████░░░░░░░░░░░░░░░░░░  30%  Streaming frame 119/1320
  ███████░░░░░░░░░░░░░░░░░░  30%  Streaming frame 120/1320
  ███████░░░░░░░░░░░░░░░░░░  30%  Streaming frame 121/1320
  ███████░░░░░░░░░░░░░░░░░░  30%  Streaming frame 122/1320
  ███████░░░░░░░░░░░░░░░░░░  30%  Streaming frame 123/1320
  ███████░░░░░░░░░░░░░░░░░░  30%  Streaming frame 124/1320
  ███████░░░░░░░░░░░░░░░░░░  30%  Streaming frame 125/1320
  ███████░░░░░░░░░░░░░░░░░░  30%  Streaming frame 126/1320
  ███████░░░░░░░░░░░░░░░░░░  30%  Streaming frame 127/1320
  ███████░░░░░░░░░░░░░░░░░░  30%  Streaming frame 128/1320
  ███████░░░░░░░░░░░░░░░░░░  30%  Streaming frame 129/1320
  ███████░░░░░░░░░░░░░░░░░░  30%  Streaming frame 130/1320
  ███████░░░░░░░░░░░░░░░░░░  30%  Streaming frame 131/1320
  ███████░░░░░░░░░░░░░░░░░░  31%  Streaming frame 132/1320
  ███████░░░░░░░░░░░░░░░░░░  31%  Streaming frame 133/1320
  ███████░░░░░░░░░░░░░░░░░░  31%  Streaming frame 134/1320
  ███████░░░░░░░░░░░░░░░░░░  31%  Streaming frame 135/1320
  ███████░░░░░░░░░░░░░░░░░░  31%  Streaming frame 136/1320
  ███████░░░░░░░░░░░░░░░░░░  31%  Streaming frame 137/1320
  ███████░░░░░░░░░░░░░░░░░░  31%  Streaming frame 138/1320
  ███████░░░░░░░░░░░░░░░░░░  31%  Streaming frame 139/1320
  ███████░░░░░░░░░░░░░░░░░░  31%  Streaming frame 140/1320
  ███████░░░░░░░░░░░░░░░░░░  31%  Streaming frame 141/1320
  ███████░░░░░░░░░░░░░░░░░░  31%  Streaming frame 142/1320
  ███████░░░░░░░░░░░░░░░░░░  31%  Streaming frame 143/1320
  ███████░░░░░░░░░░░░░░░░░░  31%  Streaming frame 144/1320
  ███████░░░░░░░░░░░░░░░░░░  31%  Streaming frame 145/1320
  ███████░░░░░░░░░░░░░░░░░░  31%  Streaming frame 146/1320
  ███████░░░░░░░░░░░░░░░░░░  31%  Streaming frame 147/1320
  ███████░░░░░░░░░░░░░░░░░░  31%  Streaming frame 148/1320
  ███████░░░░░░░░░░░░░░░░░░  31%  Streaming frame 149/1320
  ███████░░░░░░░░░░░░░░░░░░  31%  Streaming frame 150/1320
  ███████░░░░░░░░░░░░░░░░░░  31%  Streaming frame 151/1320
  ███████░░░░░░░░░░░░░░░░░░  31%  Streaming frame 152/1320
  ███████░░░░░░░░░░░░░░░░░░  31%  Streaming frame 153/1320
  ███████░░░░░░░░░░░░░░░░░░  31%  Streaming frame 154/1320
  ███████░░░░░░░░░░░░░░░░░░  31%  Streaming frame 155/1320
  ████████░░░░░░░░░░░░░░░░░  32%  Streaming frame 156/1320
  ████████░░░░░░░░░░░░░░░░░  32%  Streaming frame 157/1320
  ████████░░░░░░░░░░░░░░░░░  32%  Streaming frame 158/1320
  ████████░░░░░░░░░░░░░░░░░  32%  Streaming frame 159/1320
  ████████░░░░░░░░░░░░░░░░░  32%  Streaming frame 160/1320
  ████████░░░░░░░░░░░░░░░░░  32%  Streaming frame 161/1320
  ████████░░░░░░░░░░░░░░░░░  32%  Streaming frame 162/1320
  ████████░░░░░░░░░░░░░░░░░  32%  Streaming frame 163/1320
  ████████░░░░░░░░░░░░░░░░░  32%  Streaming frame 164/1320
  ████████░░░░░░░░░░░░░░░░░  32%  Streaming frame 165/1320
  ████████░░░░░░░░░░░░░░░░░  32%  Streaming frame 166/1320
  ████████░░░░░░░░░░░░░░░░░  32%  Streaming frame 167/1320
  ████████░░░░░░░░░░░░░░░░░  32%  Streaming frame 168/1320
  ████████░░░░░░░░░░░░░░░░░  32%  Streaming frame 169/1320
  ████████░░░░░░░░░░░░░░░░░  32%  Streaming frame 170/1320
  ████████░░░░░░░░░░░░░░░░░  32%  Streaming frame 171/1320
  ████████░░░░░░░░░░░░░░░░░  32%  Streaming frame 172/1320
  ████████░░░░░░░░░░░░░░░░░  32%  Streaming frame 173/1320
  ████████░░░░░░░░░░░░░░░░░  32%  Streaming frame 174/1320
  ████████░░░░░░░░░░░░░░░░░  32%  Streaming frame 175/1320
  ████████░░░░░░░░░░░░░░░░░  32%  Streaming frame 176/1320
  ████████░░░░░░░░░░░░░░░░░  32%  Streaming frame 177/1320
  ████████░░░░░░░░░░░░░░░░░  32%  Streaming frame 178/1320
  ████████░░░░░░░░░░░░░░░░░  32%  Streaming frame 179/1320
  ████████░░░░░░░░░░░░░░░░░  33%  Streaming frame 180/1320
  ████████░░░░░░░░░░░░░░░░░  33%  Streaming frame 181/1320
  ████████░░░░░░░░░░░░░░░░░  33%  Streaming frame 182/1320
  ████████░░░░░░░░░░░░░░░░░  33%  Streaming frame 183/1320
  ████████░░░░░░░░░░░░░░░░░  33%  Streaming frame 184/1320
  ████████░░░░░░░░░░░░░░░░░  33%  Streaming frame 185/1320
  ████████░░░░░░░░░░░░░░░░░  33%  Streaming frame 186/1320
  ████████░░░░░░░░░░░░░░░░░  33%  Streaming frame 187/1320
  ████████░░░░░░░░░░░░░░░░░  33%  Streaming frame 188/1320
  ████████░░░░░░░░░░░░░░░░░  33%  Streaming frame 189/1320
  ████████░░░░░░░░░░░░░░░░░  33%  Streaming frame 190/1320
  ████████░░░░░░░░░░░░░░░░░  33%  Streaming frame 191/1320
  ████████░░░░░░░░░░░░░░░░░  33%  Streaming frame 192/1320
  ████████░░░░░░░░░░░░░░░░░  33%  Streaming frame 193/1320
  ████████░░░░░░░░░░░░░░░░░  33%  Streaming frame 194/1320
  ████████░░░░░░░░░░░░░░░░░  33%  Streaming frame 195/1320
  ████████░░░░░░░░░░░░░░░░░  33%  Streaming frame 196/1320
  ████████░░░░░░░░░░░░░░░░░  33%  Streaming frame 197/1320
  ████████░░░░░░░░░░░░░░░░░  33%  Streaming frame 198/1320
  ████████░░░░░░░░░░░░░░░░░  33%  Streaming frame 199/1320
  ████████░░░░░░░░░░░░░░░░░  33%  Streaming frame 200/1320
  ████████░░░░░░░░░░░░░░░░░  33%  Streaming frame 201/1320
  ████████░░░░░░░░░░░░░░░░░  33%  Streaming frame 202/1320
  ████████░░░░░░░░░░░░░░░░░  33%  Streaming frame 203/1320
  ████████░░░░░░░░░░░░░░░░░  34%  Streaming frame 204/1320
  ████████░░░░░░░░░░░░░░░░░  34%  Streaming frame 205/1320
  ████████░░░░░░░░░░░░░░░░░  34%  Streaming frame 206/1320
  ████████░░░░░░░░░░░░░░░░░  34%  Streaming frame 207/1320
  ████████░░░░░░░░░░░░░░░░░  34%  Streaming frame 208/1320
  ████████░░░░░░░░░░░░░░░░░  34%  Streaming frame 209/1320
  ████████░░░░░░░░░░░░░░░░░  34%  Streaming frame 210/1320
  ████████░░░░░░░░░░░░░░░░░  34%  Streaming frame 211/1320
  ████████░░░░░░░░░░░░░░░░░  34%  Streaming frame 212/1320
  ████████░░░░░░░░░░░░░░░░░  34%  Streaming frame 213/1320
  ████████░░░░░░░░░░░░░░░░░  34%  Streaming frame 214/1320
  ████████░░░░░░░░░░░░░░░░░  34%  Streaming frame 215/1320
  ████████░░░░░░░░░░░░░░░░░  34%  Streaming frame 216/1320
  ████████░░░░░░░░░░░░░░░░░  34%  Streaming frame 217/1320
  ████████░░░░░░░░░░░░░░░░░  34%  Streaming frame 218/1320
  ████████░░░░░░░░░░░░░░░░░  34%  Streaming frame 219/1320
  ████████░░░░░░░░░░░░░░░░░  34%  Streaming frame 220/1320
  ████████░░░░░░░░░░░░░░░░░  34%  Streaming frame 221/1320
  ████████░░░░░░░░░░░░░░░░░  34%  Streaming frame 222/1320
  ████████░░░░░░░░░░░░░░░░░  34%  Streaming frame 223/1320
  ████████░░░░░░░░░░░░░░░░░  34%  Streaming frame 224/1320
  ████████░░░░░░░░░░░░░░░░░  34%  Streaming frame 225/1320
  ████████░░░░░░░░░░░░░░░░░  34%  Streaming frame 226/1320
  ████████░░░░░░░░░░░░░░░░░  34%  Streaming frame 227/1320
  ████████░░░░░░░░░░░░░░░░░  35%  Streaming frame 228/1320
  ████████░░░░░░░░░░░░░░░░░  35%  Streaming frame 229/1320
  ████████░░░░░░░░░░░░░░░░░  35%  Streaming frame 230/1320
  ████████░░░░░░░░░░░░░░░░░  35%  Streaming frame 231/1320
  ████████░░░░░░░░░░░░░░░░░  35%  Streaming frame 232/1320
  ████████░░░░░░░░░░░░░░░░░  35%  Streaming frame 233/1320
  ████████░░░░░░░░░░░░░░░░░  35%  Streaming frame 234/1320
  ████████░░░░░░░░░░░░░░░░░  35%  Streaming frame 235/1320
  ████████░░░░░░░░░░░░░░░░░  35%  Streaming frame 236/1320
  ████████░░░░░░░░░░░░░░░░░  35%  Streaming frame 237/1320
  ████████░░░░░░░░░░░░░░░░░  35%  Streaming frame 238/1320
  ████████░░░░░░░░░░░░░░░░░  35%  Streaming frame 239/1320
  ████████░░░░░░░░░░░░░░░░░  35%  Streaming frame 240/1320
  ████████░░░░░░░░░░░░░░░░░  35%  Streaming frame 241/1320
  ████████░░░░░░░░░░░░░░░░░  35%  Streaming frame 242/1320
  ████████░░░░░░░░░░░░░░░░░  35%  Streaming frame 243/1320
  ████████░░░░░░░░░░░░░░░░░  35%  Streaming frame 244/1320
  ████████░░░░░░░░░░░░░░░░░  35%  Streaming frame 245/1320
  ████████░░░░░░░░░░░░░░░░░  35%  Streaming frame 246/1320
  ████████░░░░░░░░░░░░░░░░░  35%  Streaming frame 247/1320
  ████████░░░░░░░░░░░░░░░░░  35%  Streaming frame 248/1320
  ████████░░░░░░░░░░░░░░░░░  35%  Streaming frame 249/1320
  ████████░░░░░░░░░░░░░░░░░  35%  Streaming frame 250/1320
  ████████░░░░░░░░░░░░░░░░░  35%  Streaming frame 251/1320
  █████████░░░░░░░░░░░░░░░░  36%  Streaming frame 252/1320
  █████████░░░░░░░░░░░░░░░░  36%  Streaming frame 253/1320
  █████████░░░░░░░░░░░░░░░░  36%  Streaming frame 254/1320
  █████████░░░░░░░░░░░░░░░░  36%  Streaming frame 255/1320
  █████████░░░░░░░░░░░░░░░░  36%  Streaming frame 256/1320
  █████████░░░░░░░░░░░░░░░░  36%  Streaming frame 257/1320
  █████████░░░░░░░░░░░░░░░░  36%  Streaming frame 258/1320
  █████████░░░░░░░░░░░░░░░░  36%  Streaming frame 259/1320
  █████████░░░░░░░░░░░░░░░░  36%  Streaming frame 260/1320
  █████████░░░░░░░░░░░░░░░░  36%  Streaming frame 261/1320
  █████████░░░░░░░░░░░░░░░░  36%  Streaming frame 262/1320
  █████████░░░░░░░░░░░░░░░░  36%  Streaming frame 263/1320
  █████████░░░░░░░░░░░░░░░░  36%  Streaming frame 264/1320
  █████████░░░░░░░░░░░░░░░░  36%  Streaming frame 265/1320
  █████████░░░░░░░░░░░░░░░░  36%  Streaming frame 266/1320
  █████████░░░░░░░░░░░░░░░░  36%  Streaming frame 267/1320
  █████████░░░░░░░░░░░░░░░░  36%  Streaming frame 268/1320
  █████████░░░░░░░░░░░░░░░░  36%  Streaming frame 269/1320
  █████████░░░░░░░░░░░░░░░░  36%  Streaming frame 270/1320
  █████████░░░░░░░░░░░░░░░░  36%  Streaming frame 271/1320
  █████████░░░░░░░░░░░░░░░░  36%  Streaming frame 272/1320
  █████████░░░░░░░░░░░░░░░░  36%  Streaming frame 273/1320
  █████████░░░░░░░░░░░░░░░░  36%  Streaming frame 274/1320
  █████████░░░░░░░░░░░░░░░░  36%  Streaming frame 275/1320
  █████████░░░░░░░░░░░░░░░░  37%  Streaming frame 276/1320
  █████████░░░░░░░░░░░░░░░░  37%  Streaming frame 277/1320
  █████████░░░░░░░░░░░░░░░░  37%  Streaming frame 278/1320
  █████████░░░░░░░░░░░░░░░░  37%  Streaming frame 279/1320
  █████████░░░░░░░░░░░░░░░░  37%  Streaming frame 280/1320
  █████████░░░░░░░░░░░░░░░░  37%  Streaming frame 281/1320
  █████████░░░░░░░░░░░░░░░░  37%  Streaming frame 282/1320
  █████████░░░░░░░░░░░░░░░░  37%  Streaming frame 283/1320
  █████████░░░░░░░░░░░░░░░░  37%  Streaming frame 284/1320
  █████████░░░░░░░░░░░░░░░░  37%  Streaming frame 285/1320
  █████████░░░░░░░░░░░░░░░░  37%  Streaming frame 286/1320
  █████████░░░░░░░░░░░░░░░░  37%  Streaming frame 287/1320
  █████████░░░░░░░░░░░░░░░░  37%  Streaming frame 288/1320
  █████████░░░░░░░░░░░░░░░░  37%  Streaming frame 289/1320
  █████████░░░░░░░░░░░░░░░░  37%  Streaming frame 290/1320
  █████████░░░░░░░░░░░░░░░░  37%  Streaming frame 291/1320
  █████████░░░░░░░░░░░░░░░░  37%  Streaming frame 292/1320
  █████████░░░░░░░░░░░░░░░░  37%  Streaming frame 293/1320
  █████████░░░░░░░░░░░░░░░░  37%  Streaming frame 294/1320
  █████████░░░░░░░░░░░░░░░░  37%  Streaming frame 295/1320
  █████████░░░░░░░░░░░░░░░░  37%  Streaming frame 296/1320
  █████████░░░░░░░░░░░░░░░░  37%  Streaming frame 297/1320
  █████████░░░░░░░░░░░░░░░░  37%  Streaming frame 298/1320
  █████████░░░░░░░░░░░░░░░░  37%  Streaming frame 299/1320
  █████████░░░░░░░░░░░░░░░░  38%  Streaming frame 300/1320
  █████████░░░░░░░░░░░░░░░░  38%  Streaming frame 301/1320
  █████████░░░░░░░░░░░░░░░░  38%  Streaming frame 302/1320
  █████████░░░░░░░░░░░░░░░░  38%  Streaming frame 303/1320
  █████████░░░░░░░░░░░░░░░░  38%  Streaming frame 304/1320
  █████████░░░░░░░░░░░░░░░░  38%  Streaming frame 305/1320
  █████████░░░░░░░░░░░░░░░░  38%  Streaming frame 306/1320
  █████████░░░░░░░░░░░░░░░░  38%  Streaming frame 307/1320
  █████████░░░░░░░░░░░░░░░░  38%  Streaming frame 308/1320
  █████████░░░░░░░░░░░░░░░░  38%  Streaming frame 309/1320
  █████████░░░░░░░░░░░░░░░░  38%  Streaming frame 310/1320
  █████████░░░░░░░░░░░░░░░░  38%  Streaming frame 311/1320
  █████████░░░░░░░░░░░░░░░░  38%  Streaming frame 312/1320
  █████████░░░░░░░░░░░░░░░░  38%  Streaming frame 313/1320
  █████████░░░░░░░░░░░░░░░░  38%  Streaming frame 314/1320
  █████████░░░░░░░░░░░░░░░░  38%  Streaming frame 315/1320
  █████████░░░░░░░░░░░░░░░░  38%  Streaming frame 316/1320
  █████████░░░░░░░░░░░░░░░░  38%  Streaming frame 317/1320
  █████████░░░░░░░░░░░░░░░░  38%  Streaming frame 318/1320
  █████████░░░░░░░░░░░░░░░░  38%  Streaming frame 319/1320
  █████████░░░░░░░░░░░░░░░░  38%  Streaming frame 320/1320
  █████████░░░░░░░░░░░░░░░░  38%  Streaming frame 321/1320
  █████████░░░░░░░░░░░░░░░░  38%  Streaming frame 322/1320
  █████████░░░░░░░░░░░░░░░░  38%  Streaming frame 323/1320
  █████████░░░░░░░░░░░░░░░░  39%  Streaming frame 324/1320
  █████████░░░░░░░░░░░░░░░░  39%  Streaming frame 325/1320
  █████████░░░░░░░░░░░░░░░░  39%  Streaming frame 326/1320
  █████████░░░░░░░░░░░░░░░░  39%  Streaming frame 327/1320
  █████████░░░░░░░░░░░░░░░░  39%  Streaming frame 328/1320
  █████████░░░░░░░░░░░░░░░░  39%  Streaming frame 329/1320
  █████████░░░░░░░░░░░░░░░░  39%  Streaming frame 330/1320
  █████████░░░░░░░░░░░░░░░░  39%  Streaming frame 331/1320
  █████████░░░░░░░░░░░░░░░░  39%  Streaming frame 332/1320
  █████████░░░░░░░░░░░░░░░░  39%  Streaming frame 333/1320
  █████████░░░░░░░░░░░░░░░░  39%  Streaming frame 334/1320
  █████████░░░░░░░░░░░░░░░░  39%  Streaming frame 335/1320
  █████████░░░░░░░░░░░░░░░░  39%  Streaming frame 336/1320
  █████████░░░░░░░░░░░░░░░░  39%  Streaming frame 337/1320
  █████████░░░░░░░░░░░░░░░░  39%  Streaming frame 338/1320
  █████████░░░░░░░░░░░░░░░░  39%  Streaming frame 339/1320
  █████████░░░░░░░░░░░░░░░░  39%  Streaming frame 340/1320
  █████████░░░░░░░░░░░░░░░░  39%  Streaming frame 341/1320
  █████████░░░░░░░░░░░░░░░░  39%  Streaming frame 342/1320
  █████████░░░░░░░░░░░░░░░░  39%  Streaming frame 343/1320
  █████████░░░░░░░░░░░░░░░░  39%  Streaming frame 344/1320
  █████████░░░░░░░░░░░░░░░░  39%  Streaming frame 345/1320
  █████████░░░░░░░░░░░░░░░░  39%  Streaming frame 346/1320
  █████████░░░░░░░░░░░░░░░░  39%  Streaming frame 347/1320
  ██████████░░░░░░░░░░░░░░░  40%  Streaming frame 348/1320
  ██████████░░░░░░░░░░░░░░░  40%  Streaming frame 349/1320
  ██████████░░░░░░░░░░░░░░░  40%  Streaming frame 350/1320
  ██████████░░░░░░░░░░░░░░░  40%  Streaming frame 351/1320
  ██████████░░░░░░░░░░░░░░░  40%  Streaming frame 352/1320
  ██████████░░░░░░░░░░░░░░░  40%  Streaming frame 353/1320
  ██████████░░░░░░░░░░░░░░░  40%  Streaming frame 354/1320
  ██████████░░░░░░░░░░░░░░░  40%  Streaming frame 355/1320
  ██████████░░░░░░░░░░░░░░░  40%  Streaming frame 356/1320
  ██████████░░░░░░░░░░░░░░░  40%  Streaming frame 357/1320
  ██████████░░░░░░░░░░░░░░░  40%  Streaming frame 358/1320
  ██████████░░░░░░░░░░░░░░░  40%  Streaming frame 359/1320
  ██████████░░░░░░░░░░░░░░░  40%  Streaming frame 360/1320
  ██████████░░░░░░░░░░░░░░░  40%  Streaming frame 361/1320
  ██████████░░░░░░░░░░░░░░░  40%  Streaming frame 362/1320
  ██████████░░░░░░░░░░░░░░░  40%  Streaming frame 363/1320
  ██████████░░░░░░░░░░░░░░░  40%  Streaming frame 364/1320
  ██████████░░░░░░░░░░░░░░░  40%  Streaming frame 365/1320
  ██████████░░░░░░░░░░░░░░░  40%  Streaming frame 366/1320
  ██████████░░░░░░░░░░░░░░░  40%  Streaming frame 367/1320
  ██████████░░░░░░░░░░░░░░░  40%  Streaming frame 368/1320
  ██████████░░░░░░░░░░░░░░░  40%  Streaming frame 369/1320
  ██████████░░░░░░░░░░░░░░░  40%  Streaming frame 370/1320
  ██████████░░░░░░░░░░░░░░░  40%  Streaming frame 371/1320
  ██████████░░░░░░░░░░░░░░░  41%  Streaming frame 372/1320
  ██████████░░░░░░░░░░░░░░░  41%  Streaming frame 373/1320
  ██████████░░░░░░░░░░░░░░░  41%  Streaming frame 374/1320
  ██████████░░░░░░░░░░░░░░░  41%  Streaming frame 375/1320
  ██████████░░░░░░░░░░░░░░░  41%  Streaming frame 376/1320
  ██████████░░░░░░░░░░░░░░░  41%  Streaming frame 377/1320
  ██████████░░░░░░░░░░░░░░░  41%  Streaming frame 378/1320
  ██████████░░░░░░░░░░░░░░░  41%  Streaming frame 379/1320
  ██████████░░░░░░░░░░░░░░░  41%  Streaming frame 380/1320
  ██████████░░░░░░░░░░░░░░░  41%  Streaming frame 381/1320
  ██████████░░░░░░░░░░░░░░░  41%  Streaming frame 382/1320
  ██████████░░░░░░░░░░░░░░░  41%  Streaming frame 383/1320
  ██████████░░░░░░░░░░░░░░░  41%  Streaming frame 384/1320
  ██████████░░░░░░░░░░░░░░░  41%  Streaming frame 385/1320
  ██████████░░░░░░░░░░░░░░░  41%  Streaming frame 386/1320
  ██████████░░░░░░░░░░░░░░░  41%  Streaming frame 387/1320
  ██████████░░░░░░░░░░░░░░░  41%  Streaming frame 388/1320
  ██████████░░░░░░░░░░░░░░░  41%  Streaming frame 389/1320
  ██████████░░░░░░░░░░░░░░░  41%  Streaming frame 390/1320
  ██████████░░░░░░░░░░░░░░░  41%  Streaming frame 391/1320
  ██████████░░░░░░░░░░░░░░░  41%  Streaming frame 392/1320
  ██████████░░░░░░░░░░░░░░░  41%  Streaming frame 393/1320
  ██████████░░░░░░░░░░░░░░░  41%  Streaming frame 394/1320
  ██████████░░░░░░░░░░░░░░░  41%  Streaming frame 395/1320
  ██████████░░░░░░░░░░░░░░░  42%  Streaming frame 396/1320
  ██████████░░░░░░░░░░░░░░░  42%  Streaming frame 397/1320
  ██████████░░░░░░░░░░░░░░░  42%  Streaming frame 398/1320
  ██████████░░░░░░░░░░░░░░░  42%  Streaming frame 399/1320
  ██████████░░░░░░░░░░░░░░░  42%  Streaming frame 400/1320
  ██████████░░░░░░░░░░░░░░░  42%  Streaming frame 401/1320
  ██████████░░░░░░░░░░░░░░░  42%  Streaming frame 402/1320
  ██████████░░░░░░░░░░░░░░░  42%  Streaming frame 403/1320
  ██████████░░░░░░░░░░░░░░░  42%  Streaming frame 404/1320
  ██████████░░░░░░░░░░░░░░░  42%  Streaming frame 405/1320
  ██████████░░░░░░░░░░░░░░░  42%  Streaming frame 406/1320
  ██████████░░░░░░░░░░░░░░░  42%  Streaming frame 407/1320
  ██████████░░░░░░░░░░░░░░░  42%  Streaming frame 408/1320
  ██████████░░░░░░░░░░░░░░░  42%  Streaming frame 409/1320
  ██████████░░░░░░░░░░░░░░░  42%  Streaming frame 410/1320
  ██████████░░░░░░░░░░░░░░░  42%  Streaming frame 411/1320
  ██████████░░░░░░░░░░░░░░░  42%  Streaming frame 412/1320
  ██████████░░░░░░░░░░░░░░░  42%  Streaming frame 413/1320
  ██████████░░░░░░░░░░░░░░░  42%  Streaming frame 414/1320
  ██████████░░░░░░░░░░░░░░░  42%  Streaming frame 415/1320
  ██████████░░░░░░░░░░░░░░░  42%  Streaming frame 416/1320
  ██████████░░░░░░░░░░░░░░░  42%  Streaming frame 417/1320
  ██████████░░░░░░░░░░░░░░░  42%  Streaming frame 418/1320
  ██████████░░░░░░░░░░░░░░░  42%  Streaming frame 419/1320
  ██████████░░░░░░░░░░░░░░░  43%  Streaming frame 420/1320
  ██████████░░░░░░░░░░░░░░░  43%  Streaming frame 421/1320
  ██████████░░░░░░░░░░░░░░░  43%  Streaming frame 422/1320
  ██████████░░░░░░░░░░░░░░░  43%  Streaming frame 423/1320
  ██████████░░░░░░░░░░░░░░░  43%  Streaming frame 424/1320
  ██████████░░░░░░░░░░░░░░░  43%  Streaming frame 425/1320
  ██████████░░░░░░░░░░░░░░░  43%  Streaming frame 426/1320
  ██████████░░░░░░░░░░░░░░░  43%  Streaming frame 427/1320
  ██████████░░░░░░░░░░░░░░░  43%  Streaming frame 428/1320
  ██████████░░░░░░░░░░░░░░░  43%  Streaming frame 429/1320
  ██████████░░░░░░░░░░░░░░░  43%  Streaming frame 430/1320
  ██████████░░░░░░░░░░░░░░░  43%  Streaming frame 431/1320
  ██████████░░░░░░░░░░░░░░░  43%  Streaming frame 432/1320
  ██████████░░░░░░░░░░░░░░░  43%  Streaming frame 433/1320
  ██████████░░░░░░░░░░░░░░░  43%  Streaming frame 434/1320
  ██████████░░░░░░░░░░░░░░░  43%  Streaming frame 435/1320
  ██████████░░░░░░░░░░░░░░░  43%  Streaming frame 436/1320
  ██████████░░░░░░░░░░░░░░░  43%  Streaming frame 437/1320
  ██████████░░░░░░░░░░░░░░░  43%  Streaming frame 438/1320
  ██████████░░░░░░░░░░░░░░░  43%  Streaming frame 439/1320
  ██████████░░░░░░░░░░░░░░░  43%  Streaming frame 440/1320
  ██████████░░░░░░░░░░░░░░░  43%  Streaming frame 441/1320
  ██████████░░░░░░░░░░░░░░░  43%  Streaming frame 442/1320
  ██████████░░░░░░░░░░░░░░░  43%  Streaming frame 443/1320
  ███████████░░░░░░░░░░░░░░  44%  Streaming frame 444/1320
  ███████████░░░░░░░░░░░░░░  44%  Streaming frame 445/1320
  ███████████░░░░░░░░░░░░░░  44%  Streaming frame 446/1320
  ███████████░░░░░░░░░░░░░░  44%  Streaming frame 447/1320
  ███████████░░░░░░░░░░░░░░  44%  Streaming frame 448/1320
  ███████████░░░░░░░░░░░░░░  44%  Streaming frame 449/1320
  ███████████░░░░░░░░░░░░░░  44%  Streaming frame 450/1320
  ███████████░░░░░░░░░░░░░░  44%  Streaming frame 451/1320
  ███████████░░░░░░░░░░░░░░  44%  Streaming frame 452/1320
  ███████████░░░░░░░░░░░░░░  44%  Streaming frame 453/1320
  ███████████░░░░░░░░░░░░░░  44%  Streaming frame 454/1320
  ███████████░░░░░░░░░░░░░░  44%  Streaming frame 455/1320
  ███████████░░░░░░░░░░░░░░  44%  Streaming frame 456/1320
  ███████████░░░░░░░░░░░░░░  44%  Streaming frame 457/1320
  ███████████░░░░░░░░░░░░░░  44%  Streaming frame 458/1320
  ███████████░░░░░░░░░░░░░░  44%  Streaming frame 459/1320
  ███████████░░░░░░░░░░░░░░  44%  Streaming frame 460/1320
  ███████████░░░░░░░░░░░░░░  44%  Streaming frame 461/1320
  ███████████░░░░░░░░░░░░░░  44%  Streaming frame 462/1320
  ███████████░░░░░░░░░░░░░░  44%  Streaming frame 463/1320
  ███████████░░░░░░░░░░░░░░  44%  Streaming frame 464/1320
  ███████████░░░░░░░░░░░░░░  44%  Streaming frame 465/1320
  ███████████░░░░░░░░░░░░░░  44%  Streaming frame 466/1320
  ███████████░░░░░░░░░░░░░░  44%  Streaming frame 467/1320
  ███████████░░░░░░░░░░░░░░  45%  Streaming frame 468/1320
  ███████████░░░░░░░░░░░░░░  45%  Streaming frame 469/1320
  ███████████░░░░░░░░░░░░░░  45%  Streaming frame 470/1320
  ███████████░░░░░░░░░░░░░░  45%  Streaming frame 471/1320
  ███████████░░░░░░░░░░░░░░  45%  Streaming frame 472/1320
  ███████████░░░░░░░░░░░░░░  45%  Streaming frame 473/1320
  ███████████░░░░░░░░░░░░░░  45%  Streaming frame 474/1320
  ███████████░░░░░░░░░░░░░░  45%  Streaming frame 475/1320
  ███████████░░░░░░░░░░░░░░  45%  Streaming frame 476/1320
  ███████████░░░░░░░░░░░░░░  45%  Streaming frame 477/1320
  ███████████░░░░░░░░░░░░░░  45%  Streaming frame 478/1320
  ███████████░░░░░░░░░░░░░░  45%  Streaming frame 479/1320
  ███████████░░░░░░░░░░░░░░  45%  Streaming frame 480/1320
  ███████████░░░░░░░░░░░░░░  45%  Streaming frame 481/1320
  ███████████░░░░░░░░░░░░░░  45%  Streaming frame 482/1320
  ███████████░░░░░░░░░░░░░░  45%  Streaming frame 483/1320
  ███████████░░░░░░░░░░░░░░  45%  Streaming frame 484/1320
  ███████████░░░░░░░░░░░░░░  45%  Streaming frame 485/1320
  ███████████░░░░░░░░░░░░░░  45%  Streaming frame 486/1320
  ███████████░░░░░░░░░░░░░░  45%  Streaming frame 487/1320
  ███████████░░░░░░░░░░░░░░  45%  Streaming frame 488/1320
  ███████████░░░░░░░░░░░░░░  45%  Streaming frame 489/1320
  ███████████░░░░░░░░░░░░░░  45%  Streaming frame 490/1320
  ███████████░░░░░░░░░░░░░░  45%  Streaming frame 491/1320
  ███████████░░░░░░░░░░░░░░  46%  Streaming frame 492/1320
  ███████████░░░░░░░░░░░░░░  46%  Streaming frame 493/1320
  ███████████░░░░░░░░░░░░░░  46%  Streaming frame 494/1320
  ███████████░░░░░░░░░░░░░░  46%  Streaming frame 495/1320
  ███████████░░░░░░░░░░░░░░  46%  Streaming frame 496/1320
  ███████████░░░░░░░░░░░░░░  46%  Streaming frame 497/1320
  ███████████░░░░░░░░░░░░░░  46%  Streaming frame 498/1320
  ███████████░░░░░░░░░░░░░░  46%  Streaming frame 499/1320
  ███████████░░░░░░░░░░░░░░  46%  Streaming frame 500/1320
  ███████████░░░░░░░░░░░░░░  46%  Streaming frame 501/1320
  ███████████░░░░░░░░░░░░░░  46%  Streaming frame 502/1320
  ███████████░░░░░░░░░░░░░░  46%  Streaming frame 503/1320
  ███████████░░░░░░░░░░░░░░  46%  Streaming frame 504/1320
  ███████████░░░░░░░░░░░░░░  46%  Streaming frame 505/1320
  ███████████░░░░░░░░░░░░░░  46%  Streaming frame 506/1320
  ███████████░░░░░░░░░░░░░░  46%  Streaming frame 507/1320
  ███████████░░░░░░░░░░░░░░  46%  Streaming frame 508/1320
  ███████████░░░░░░░░░░░░░░  46%  Streaming frame 509/1320
  ███████████░░░░░░░░░░░░░░  46%  Streaming frame 510/1320
  ███████████░░░░░░░░░░░░░░  46%  Streaming frame 511/1320
  ███████████░░░░░░░░░░░░░░  46%  Streaming frame 512/1320
  ███████████░░░░░░░░░░░░░░  46%  Streaming frame 513/1320
  ███████████░░░░░░░░░░░░░░  46%  Streaming frame 514/1320
  ███████████░░░░░░░░░░░░░░  46%  Streaming frame 515/1320
  ███████████░░░░░░░░░░░░░░  47%  Streaming frame 516/1320
  ███████████░░░░░░░░░░░░░░  47%  Streaming frame 517/1320
  ███████████░░░░░░░░░░░░░░  47%  Streaming frame 518/1320
  ███████████░░░░░░░░░░░░░░  47%  Streaming frame 519/1320
  ███████████░░░░░░░░░░░░░░  47%  Streaming frame 520/1320
  ███████████░░░░░░░░░░░░░░  47%  Streaming frame 521/1320
  ███████████░░░░░░░░░░░░░░  47%  Streaming frame 522/1320
  ███████████░░░░░░░░░░░░░░  47%  Streaming frame 523/1320
  ███████████░░░░░░░░░░░░░░  47%  Streaming frame 524/1320
  ███████████░░░░░░░░░░░░░░  47%  Streaming frame 525/1320
  ███████████░░░░░░░░░░░░░░  47%  Streaming frame 526/1320
  ███████████░░░░░░░░░░░░░░  47%  Streaming frame 527/1320
  ███████████░░░░░░░░░░░░░░  47%  Streaming frame 528/1320
  ███████████░░░░░░░░░░░░░░  47%  Streaming frame 529/1320
  ███████████░░░░░░░░░░░░░░  47%  Streaming frame 530/1320
  ███████████░░░░░░░░░░░░░░  47%  Streaming frame 531/1320
  ███████████░░░░░░░░░░░░░░  47%  Streaming frame 532/1320
  ███████████░░░░░░░░░░░░░░  47%  Streaming frame 533/1320
  ███████████░░░░░░░░░░░░░░  47%  Streaming frame 534/1320
  ███████████░░░░░░░░░░░░░░  47%  Streaming frame 535/1320
  ███████████░░░░░░░░░░░░░░  47%  Streaming frame 536/1320
  ███████████░░░░░░░░░░░░░░  47%  Streaming frame 537/1320
  ███████████░░░░░░░░░░░░░░  47%  Streaming frame 538/1320
  ███████████░░░░░░░░░░░░░░  47%  Streaming frame 539/1320
  ████████████░░░░░░░░░░░░░  48%  Streaming frame 540/1320
  ████████████░░░░░░░░░░░░░  48%  Streaming frame 541/1320
  ████████████░░░░░░░░░░░░░  48%  Streaming frame 542/1320
  ████████████░░░░░░░░░░░░░  48%  Streaming frame 543/1320
  ████████████░░░░░░░░░░░░░  48%  Streaming frame 544/1320
  ████████████░░░░░░░░░░░░░  48%  Streaming frame 545/1320
  ████████████░░░░░░░░░░░░░  48%  Streaming frame 546/1320
  ████████████░░░░░░░░░░░░░  48%  Streaming frame 547/1320
  ████████████░░░░░░░░░░░░░  48%  Streaming frame 548/1320
  ████████████░░░░░░░░░░░░░  48%  Streaming frame 549/1320
  ████████████░░░░░░░░░░░░░  48%  Streaming frame 550/1320
  ████████████░░░░░░░░░░░░░  48%  Streaming frame 551/1320
  ████████████░░░░░░░░░░░░░  48%  Streaming frame 552/1320
  ████████████░░░░░░░░░░░░░  48%  Streaming frame 553/1320
  ████████████░░░░░░░░░░░░░  48%  Streaming frame 554/1320
  ████████████░░░░░░░░░░░░░  48%  Streaming frame 555/1320
  ████████████░░░░░░░░░░░░░  48%  Streaming frame 556/1320
  ████████████░░░░░░░░░░░░░  48%  Streaming frame 557/1320
  ████████████░░░░░░░░░░░░░  48%  Streaming frame 558/1320
  ████████████░░░░░░░░░░░░░  48%  Streaming frame 559/1320
  ████████████░░░░░░░░░░░░░  48%  Streaming frame 560/1320
  ████████████░░░░░░░░░░░░░  48%  Streaming frame 561/1320
  ████████████░░░░░░░░░░░░░  48%  Streaming frame 562/1320
  ████████████░░░░░░░░░░░░░  48%  Streaming frame 563/1320
  ████████████░░░░░░░░░░░░░  49%  Streaming frame 564/1320
  ████████████░░░░░░░░░░░░░  49%  Streaming frame 565/1320
  ████████████░░░░░░░░░░░░░  49%  Streaming frame 566/1320
  ████████████░░░░░░░░░░░░░  49%  Streaming frame 567/1320
  ████████████░░░░░░░░░░░░░  49%  Streaming frame 568/1320
  ████████████░░░░░░░░░░░░░  49%  Streaming frame 569/1320
  ████████████░░░░░░░░░░░░░  49%  Streaming frame 570/1320
  ████████████░░░░░░░░░░░░░  49%  Streaming frame 571/1320
  ████████████░░░░░░░░░░░░░  49%  Streaming frame 572/1320
  ████████████░░░░░░░░░░░░░  49%  Streaming frame 573/1320
  ████████████░░░░░░░░░░░░░  49%  Streaming frame 574/1320
  ████████████░░░░░░░░░░░░░  49%  Streaming frame 575/1320
  ████████████░░░░░░░░░░░░░  49%  Streaming frame 576/1320
  ████████████░░░░░░░░░░░░░  49%  Streaming frame 577/1320
  ████████████░░░░░░░░░░░░░  49%  Streaming frame 578/1320
  ████████████░░░░░░░░░░░░░  49%  Streaming frame 579/1320
  ████████████░░░░░░░░░░░░░  49%  Streaming frame 580/1320
  ████████████░░░░░░░░░░░░░  49%  Streaming frame 581/1320
  ████████████░░░░░░░░░░░░░  49%  Streaming frame 582/1320
  ████████████░░░░░░░░░░░░░  49%  Streaming frame 583/1320
  ████████████░░░░░░░░░░░░░  49%  Streaming frame 584/1320
  ████████████░░░░░░░░░░░░░  49%  Streaming frame 585/1320
  ████████████░░░░░░░░░░░░░  49%  Streaming frame 586/1320
  ████████████░░░░░░░░░░░░░  49%  Streaming frame 587/1320
  ████████████░░░░░░░░░░░░░  50%  Streaming frame 588/1320
  ████████████░░░░░░░░░░░░░  50%  Streaming frame 589/1320
  ████████████░░░░░░░░░░░░░  50%  Streaming frame 590/1320
  ████████████░░░░░░░░░░░░░  50%  Streaming frame 591/1320
  ████████████░░░░░░░░░░░░░  50%  Streaming frame 592/1320
  ████████████░░░░░░░░░░░░░  50%  Streaming frame 593/1320
  ████████████░░░░░░░░░░░░░  50%  Streaming frame 594/1320
  ████████████░░░░░░░░░░░░░  50%  Streaming frame 595/1320
  ████████████░░░░░░░░░░░░░  50%  Streaming frame 596/1320
  ████████████░░░░░░░░░░░░░  50%  Streaming frame 597/1320
  ████████████░░░░░░░░░░░░░  50%  Streaming frame 598/1320
  ████████████░░░░░░░░░░░░░  50%  Streaming frame 599/1320
  ████████████░░░░░░░░░░░░░  50%  Streaming frame 600/1320
  ████████████░░░░░░░░░░░░░  50%  Streaming frame 601/1320
  ████████████░░░░░░░░░░░░░  50%  Streaming frame 602/1320
  ████████████░░░░░░░░░░░░░  50%  Streaming frame 603/1320
  ████████████░░░░░░░░░░░░░  50%  Streaming frame 604/1320
  ████████████░░░░░░░░░░░░░  50%  Streaming frame 605/1320
  ████████████░░░░░░░░░░░░░  50%  Streaming frame 606/1320
  ████████████░░░░░░░░░░░░░  50%  Streaming frame 607/1320
  ████████████░░░░░░░░░░░░░  50%  Streaming frame 608/1320
  ████████████░░░░░░░░░░░░░  50%  Streaming frame 609/1320
  ████████████░░░░░░░░░░░░░  50%  Streaming frame 610/1320
  ████████████░░░░░░░░░░░░░  50%  Streaming frame 611/1320
  ████████████░░░░░░░░░░░░░  51%  Streaming frame 612/1320
  ████████████░░░░░░░░░░░░░  51%  Streaming frame 613/1320
  ████████████░░░░░░░░░░░░░  51%  Streaming frame 614/1320
  ████████████░░░░░░░░░░░░░  51%  Streaming frame 615/1320
  ████████████░░░░░░░░░░░░░  51%  Streaming frame 616/1320
  ████████████░░░░░░░░░░░░░  51%  Streaming frame 617/1320
  ████████████░░░░░░░░░░░░░  51%  Streaming frame 618/1320
  ████████████░░░░░░░░░░░░░  51%  Streaming frame 619/1320
  ████████████░░░░░░░░░░░░░  51%  Streaming frame 620/1320
  ████████████░░░░░░░░░░░░░  51%  Streaming frame 621/1320
  ████████████░░░░░░░░░░░░░  51%  Streaming frame 622/1320
  ████████████░░░░░░░░░░░░░  51%  Streaming frame 623/1320
  ████████████░░░░░░░░░░░░░  51%  Streaming frame 624/1320
  ████████████░░░░░░░░░░░░░  51%  Streaming frame 625/1320
  ████████████░░░░░░░░░░░░░  51%  Streaming frame 626/1320
  ████████████░░░░░░░░░░░░░  51%  Streaming frame 627/1320
  ████████████░░░░░░░░░░░░░  51%  Streaming frame 628/1320
  ████████████░░░░░░░░░░░░░  51%  Streaming frame 629/1320
  ████████████░░░░░░░░░░░░░  51%  Streaming frame 630/1320
  ████████████░░░░░░░░░░░░░  51%  Streaming frame 631/1320
  ████████████░░░░░░░░░░░░░  51%  Streaming frame 632/1320
  ████████████░░░░░░░░░░░░░  51%  Streaming frame 633/1320
  ████████████░░░░░░░░░░░░░  51%  Streaming frame 634/1320
  ████████████░░░░░░░░░░░░░  51%  Streaming frame 635/1320
  █████████████░░░░░░░░░░░░  52%  Streaming frame 636/1320
  █████████████░░░░░░░░░░░░  52%  Streaming frame 637/1320
  █████████████░░░░░░░░░░░░  52%  Streaming frame 638/1320
  █████████████░░░░░░░░░░░░  52%  Streaming frame 639/1320
  █████████████░░░░░░░░░░░░  52%  Streaming frame 640/1320
  █████████████░░░░░░░░░░░░  52%  Streaming frame 641/1320
  █████████████░░░░░░░░░░░░  52%  Streaming frame 642/1320
  █████████████░░░░░░░░░░░░  52%  Streaming frame 643/1320
  █████████████░░░░░░░░░░░░  52%  Streaming frame 644/1320
  █████████████░░░░░░░░░░░░  52%  Streaming frame 645/1320
  █████████████░░░░░░░░░░░░  52%  Streaming frame 646/1320
  █████████████░░░░░░░░░░░░  52%  Streaming frame 647/1320
  █████████████░░░░░░░░░░░░  52%  Streaming frame 648/1320
  █████████████░░░░░░░░░░░░  52%  Streaming frame 649/1320
  █████████████░░░░░░░░░░░░  52%  Streaming frame 650/1320
  █████████████░░░░░░░░░░░░  52%  Streaming frame 651/1320
  █████████████░░░░░░░░░░░░  52%  Streaming frame 652/1320
  █████████████░░░░░░░░░░░░  52%  Streaming frame 653/1320
  █████████████░░░░░░░░░░░░  52%  Streaming frame 654/1320
  █████████████░░░░░░░░░░░░  52%  Streaming frame 655/1320
  █████████████░░░░░░░░░░░░  52%  Streaming frame 656/1320
  █████████████░░░░░░░░░░░░  52%  Streaming frame 657/1320
  █████████████░░░░░░░░░░░░  52%  Streaming frame 658/1320
  █████████████░░░░░░░░░░░░  52%  Streaming frame 659/1320
  █████████████░░░░░░░░░░░░  53%  Streaming frame 660/1320
  █████████████░░░░░░░░░░░░  53%  Streaming frame 661/1320
  █████████████░░░░░░░░░░░░  53%  Streaming frame 662/1320
  █████████████░░░░░░░░░░░░  53%  Streaming frame 663/1320
  █████████████░░░░░░░░░░░░  53%  Streaming frame 664/1320
  █████████████░░░░░░░░░░░░  53%  Streaming frame 665/1320
  █████████████░░░░░░░░░░░░  53%  Streaming frame 666/1320
  █████████████░░░░░░░░░░░░  53%  Streaming frame 667/1320
  █████████████░░░░░░░░░░░░  53%  Streaming frame 668/1320
  █████████████░░░░░░░░░░░░  53%  Streaming frame 669/1320
  █████████████░░░░░░░░░░░░  53%  Streaming frame 670/1320
  █████████████░░░░░░░░░░░░  53%  Streaming frame 671/1320
  █████████████░░░░░░░░░░░░  53%  Streaming frame 672/1320
  █████████████░░░░░░░░░░░░  53%  Streaming frame 673/1320
  █████████████░░░░░░░░░░░░  53%  Streaming frame 674/1320
  █████████████░░░░░░░░░░░░  53%  Streaming frame 675/1320
  █████████████░░░░░░░░░░░░  53%  Streaming frame 676/1320
  █████████████░░░░░░░░░░░░  53%  Streaming frame 677/1320
  █████████████░░░░░░░░░░░░  53%  Streaming frame 678/1320
  █████████████░░░░░░░░░░░░  53%  Streaming frame 679/1320
  █████████████░░░░░░░░░░░░  53%  Streaming frame 680/1320
  █████████████░░░░░░░░░░░░  53%  Streaming frame 681/1320
  █████████████░░░░░░░░░░░░  53%  Streaming frame 682/1320
  █████████████░░░░░░░░░░░░  53%  Streaming frame 683/1320
  █████████████░░░░░░░░░░░░  54%  Streaming frame 684/1320
  █████████████░░░░░░░░░░░░  54%  Streaming frame 685/1320
  █████████████░░░░░░░░░░░░  54%  Streaming frame 686/1320
  █████████████░░░░░░░░░░░░  54%  Streaming frame 687/1320
  █████████████░░░░░░░░░░░░  54%  Streaming frame 688/1320
  █████████████░░░░░░░░░░░░  54%  Streaming frame 689/1320
  █████████████░░░░░░░░░░░░  54%  Streaming frame 690/1320
  █████████████░░░░░░░░░░░░  54%  Streaming frame 691/1320
  █████████████░░░░░░░░░░░░  54%  Streaming frame 692/1320
  █████████████░░░░░░░░░░░░  54%  Streaming frame 693/1320
  █████████████░░░░░░░░░░░░  54%  Streaming frame 694/1320
  █████████████░░░░░░░░░░░░  54%  Streaming frame 695/1320
  █████████████░░░░░░░░░░░░  54%  Streaming frame 696/1320
  █████████████░░░░░░░░░░░░  54%  Streaming frame 697/1320
  █████████████░░░░░░░░░░░░  54%  Streaming frame 698/1320
  █████████████░░░░░░░░░░░░  54%  Streaming frame 699/1320
  █████████████░░░░░░░░░░░░  54%  Streaming frame 700/1320
  █████████████░░░░░░░░░░░░  54%  Streaming frame 701/1320
  █████████████░░░░░░░░░░░░  54%  Streaming frame 702/1320
  █████████████░░░░░░░░░░░░  54%  Streaming frame 703/1320
  █████████████░░░░░░░░░░░░  54%  Streaming frame 704/1320
  █████████████░░░░░░░░░░░░  54%  Streaming frame 705/1320
  █████████████░░░░░░░░░░░░  54%  Streaming frame 706/1320
  █████████████░░░░░░░░░░░░  54%  Streaming frame 707/1320
  █████████████░░░░░░░░░░░░  55%  Streaming frame 708/1320
  █████████████░░░░░░░░░░░░  55%  Streaming frame 709/1320
  █████████████░░░░░░░░░░░░  55%  Streaming frame 710/1320
  █████████████░░░░░░░░░░░░  55%  Streaming frame 711/1320
  █████████████░░░░░░░░░░░░  55%  Streaming frame 712/1320
  █████████████░░░░░░░░░░░░  55%  Streaming frame 713/1320
  █████████████░░░░░░░░░░░░  55%  Streaming frame 714/1320
  █████████████░░░░░░░░░░░░  55%  Streaming frame 715/1320
  █████████████░░░░░░░░░░░░  55%  Streaming frame 716/1320
  █████████████░░░░░░░░░░░░  55%  Streaming frame 717/1320
  █████████████░░░░░░░░░░░░  55%  Streaming frame 718/1320
  █████████████░░░░░░░░░░░░  55%  Streaming frame 719/1320
  █████████████░░░░░░░░░░░░  55%  Streaming frame 720/1320
  █████████████░░░░░░░░░░░░  55%  Streaming frame 721/1320
  █████████████░░░░░░░░░░░░  55%  Streaming frame 722/1320
  █████████████░░░░░░░░░░░░  55%  Streaming frame 723/1320
  █████████████░░░░░░░░░░░░  55%  Streaming frame 724/1320
  █████████████░░░░░░░░░░░░  55%  Streaming frame 725/1320
  █████████████░░░░░░░░░░░░  55%  Streaming frame 726/1320
  █████████████░░░░░░░░░░░░  55%  Streaming frame 727/1320
  █████████████░░░░░░░░░░░░  55%  Streaming frame 728/1320
  █████████████░░░░░░░░░░░░  55%  Streaming frame 729/1320
  █████████████░░░░░░░░░░░░  55%  Streaming frame 730/1320
  █████████████░░░░░░░░░░░░  55%  Streaming frame 731/1320
  ██████████████░░░░░░░░░░░  56%  Streaming frame 732/1320
  ██████████████░░░░░░░░░░░  56%  Streaming frame 733/1320
  ██████████████░░░░░░░░░░░  56%  Streaming frame 734/1320
  ██████████████░░░░░░░░░░░  56%  Streaming frame 735/1320
  ██████████████░░░░░░░░░░░  56%  Streaming frame 736/1320
  ██████████████░░░░░░░░░░░  56%  Streaming frame 737/1320
  ██████████████░░░░░░░░░░░  56%  Streaming frame 738/1320
  ██████████████░░░░░░░░░░░  56%  Streaming frame 739/1320
  ██████████████░░░░░░░░░░░  56%  Streaming frame 740/1320
  ██████████████░░░░░░░░░░░  56%  Streaming frame 741/1320
  ██████████████░░░░░░░░░░░  56%  Streaming frame 742/1320
  ██████████████░░░░░░░░░░░  56%  Streaming frame 743/1320
  ██████████████░░░░░░░░░░░  56%  Streaming frame 744/1320
  ██████████████░░░░░░░░░░░  56%  Streaming frame 745/1320
  ██████████████░░░░░░░░░░░  56%  Streaming frame 746/1320
  ██████████████░░░░░░░░░░░  56%  Streaming frame 747/1320
  ██████████████░░░░░░░░░░░  56%  Streaming frame 748/1320
  ██████████████░░░░░░░░░░░  56%  Streaming frame 749/1320
  ██████████████░░░░░░░░░░░  56%  Streaming frame 750/1320
  ██████████████░░░░░░░░░░░  56%  Streaming frame 751/1320
  ██████████████░░░░░░░░░░░  56%  Streaming frame 752/1320
  ██████████████░░░░░░░░░░░  56%  Streaming frame 753/1320
  ██████████████░░░░░░░░░░░  56%  Streaming frame 754/1320
  ██████████████░░░░░░░░░░░  56%  Streaming frame 755/1320
  ██████████████░░░░░░░░░░░  57%  Streaming frame 756/1320
  ██████████████░░░░░░░░░░░  57%  Streaming frame 757/1320
  ██████████████░░░░░░░░░░░  57%  Streaming frame 758/1320
  ██████████████░░░░░░░░░░░  57%  Streaming frame 759/1320
  ██████████████░░░░░░░░░░░  57%  Streaming frame 760/1320
  ██████████████░░░░░░░░░░░  57%  Streaming frame 761/1320
  ██████████████░░░░░░░░░░░  57%  Streaming frame 762/1320
  ██████████████░░░░░░░░░░░  57%  Streaming frame 763/1320
  ██████████████░░░░░░░░░░░  57%  Streaming frame 764/1320
  ██████████████░░░░░░░░░░░  57%  Streaming frame 765/1320
  ██████████████░░░░░░░░░░░  57%  Streaming frame 766/1320
  ██████████████░░░░░░░░░░░  57%  Streaming frame 767/1320
  ██████████████░░░░░░░░░░░  57%  Streaming frame 768/1320
  ██████████████░░░░░░░░░░░  57%  Streaming frame 769/1320
  ██████████████░░░░░░░░░░░  57%  Streaming frame 770/1320
  ██████████████░░░░░░░░░░░  57%  Streaming frame 771/1320
  ██████████████░░░░░░░░░░░  57%  Streaming frame 772/1320
  ██████████████░░░░░░░░░░░  57%  Streaming frame 773/1320
  ██████████████░░░░░░░░░░░  57%  Streaming frame 774/1320
  ██████████████░░░░░░░░░░░  57%  Streaming frame 775/1320
  ██████████████░░░░░░░░░░░  57%  Streaming frame 776/1320
  ██████████████░░░░░░░░░░░  57%  Streaming frame 777/1320
  ██████████████░░░░░░░░░░░  57%  Streaming frame 778/1320
  ██████████████░░░░░░░░░░░  57%  Streaming frame 779/1320
  ██████████████░░░░░░░░░░░  58%  Streaming frame 780/1320
  ██████████████░░░░░░░░░░░  58%  Streaming frame 781/1320
  ██████████████░░░░░░░░░░░  58%  Streaming frame 782/1320
  ██████████████░░░░░░░░░░░  58%  Streaming frame 783/1320
  ██████████████░░░░░░░░░░░  58%  Streaming frame 784/1320
  ██████████████░░░░░░░░░░░  58%  Streaming frame 785/1320
  ██████████████░░░░░░░░░░░  58%  Streaming frame 786/1320
  ██████████████░░░░░░░░░░░  58%  Streaming frame 787/1320
  ██████████████░░░░░░░░░░░  58%  Streaming frame 788/1320
  ██████████████░░░░░░░░░░░  58%  Streaming frame 789/1320
  ██████████████░░░░░░░░░░░  58%  Streaming frame 790/1320
  ██████████████░░░░░░░░░░░  58%  Streaming frame 791/1320
  ██████████████░░░░░░░░░░░  58%  Streaming frame 792/1320
  ██████████████░░░░░░░░░░░  58%  Streaming frame 793/1320
  ██████████████░░░░░░░░░░░  58%  Streaming frame 794/1320
  ██████████████░░░░░░░░░░░  58%  Streaming frame 795/1320
  ██████████████░░░░░░░░░░░  58%  Streaming frame 796/1320
  ██████████████░░░░░░░░░░░  58%  Streaming frame 797/1320
  ██████████████░░░░░░░░░░░  58%  Streaming frame 798/1320
  ██████████████░░░░░░░░░░░  58%  Streaming frame 799/1320
  ██████████████░░░░░░░░░░░  58%  Streaming frame 800/1320
  ██████████████░░░░░░░░░░░  58%  Streaming frame 801/1320
  ██████████████░░░░░░░░░░░  58%  Streaming frame 802/1320
  ██████████████░░░░░░░░░░░  58%  Streaming frame 803/1320
  ██████████████░░░░░░░░░░░  59%  Streaming frame 804/1320
  ██████████████░░░░░░░░░░░  59%  Streaming frame 805/1320
  ██████████████░░░░░░░░░░░  59%  Streaming frame 806/1320
  ██████████████░░░░░░░░░░░  59%  Streaming frame 807/1320
  ██████████████░░░░░░░░░░░  59%  Streaming frame 808/1320
  ██████████████░░░░░░░░░░░  59%  Streaming frame 809/1320
  ██████████████░░░░░░░░░░░  59%  Streaming frame 810/1320
  ██████████████░░░░░░░░░░░  59%  Streaming frame 811/1320
  ██████████████░░░░░░░░░░░  59%  Streaming frame 812/1320
  ██████████████░░░░░░░░░░░  59%  Streaming frame 813/1320
  ██████████████░░░░░░░░░░░  59%  Streaming frame 814/1320
  ██████████████░░░░░░░░░░░  59%  Streaming frame 815/1320
  ██████████████░░░░░░░░░░░  59%  Streaming frame 816/1320
  ██████████████░░░░░░░░░░░  59%  Streaming frame 817/1320
  ██████████████░░░░░░░░░░░  59%  Streaming frame 818/1320
  ██████████████░░░░░░░░░░░  59%  Streaming frame 819/1320
  ██████████████░░░░░░░░░░░  59%  Streaming frame 820/1320
  ██████████████░░░░░░░░░░░  59%  Streaming frame 821/1320
  ██████████████░░░░░░░░░░░  59%  Streaming frame 822/1320
  ██████████████░░░░░░░░░░░  59%  Streaming frame 823/1320
  ██████████████░░░░░░░░░░░  59%  Streaming frame 824/1320
  ██████████████░░░░░░░░░░░  59%  Streaming frame 825/1320
  ██████████████░░░░░░░░░░░  59%  Streaming frame 826/1320
  ██████████████░░░░░░░░░░░  59%  Streaming frame 827/1320
  ███████████████░░░░░░░░░░  60%  Streaming frame 828/1320
  ███████████████░░░░░░░░░░  60%  Streaming frame 829/1320
  ███████████████░░░░░░░░░░  60%  Streaming frame 830/1320
  ███████████████░░░░░░░░░░  60%  Streaming frame 831/1320
  ███████████████░░░░░░░░░░  60%  Streaming frame 832/1320
  ███████████████░░░░░░░░░░  60%  Streaming frame 833/1320
  ███████████████░░░░░░░░░░  60%  Streaming frame 834/1320
  ███████████████░░░░░░░░░░  60%  Streaming frame 835/1320
  ███████████████░░░░░░░░░░  60%  Streaming frame 836/1320
  ███████████████░░░░░░░░░░  60%  Streaming frame 837/1320
  ███████████████░░░░░░░░░░  60%  Streaming frame 838/1320
  ███████████████░░░░░░░░░░  60%  Streaming frame 839/1320
  ███████████████░░░░░░░░░░  60%  Streaming frame 840/1320
  ███████████████░░░░░░░░░░  60%  Streaming frame 841/1320
  ███████████████░░░░░░░░░░  60%  Streaming frame 842/1320
  ███████████████░░░░░░░░░░  60%  Streaming frame 843/1320
  ███████████████░░░░░░░░░░  60%  Streaming frame 844/1320
  ███████████████░░░░░░░░░░  60%  Streaming frame 845/1320
  ███████████████░░░░░░░░░░  60%  Streaming frame 846/1320
  ███████████████░░░░░░░░░░  60%  Streaming frame 847/1320
  ███████████████░░░░░░░░░░  60%  Streaming frame 848/1320
  ███████████████░░░░░░░░░░  60%  Streaming frame 849/1320
  ███████████████░░░░░░░░░░  60%  Streaming frame 850/1320
  ███████████████░░░░░░░░░░  60%  Streaming frame 851/1320
  ███████████████░░░░░░░░░░  61%  Streaming frame 852/1320
  ███████████████░░░░░░░░░░  61%  Streaming frame 853/1320
  ███████████████░░░░░░░░░░  61%  Streaming frame 854/1320
  ███████████████░░░░░░░░░░  61%  Streaming frame 855/1320
  ███████████████░░░░░░░░░░  61%  Streaming frame 856/1320
  ███████████████░░░░░░░░░░  61%  Streaming frame 857/1320
  ███████████████░░░░░░░░░░  61%  Streaming frame 858/1320
  ███████████████░░░░░░░░░░  61%  Streaming frame 859/1320
  ███████████████░░░░░░░░░░  61%  Streaming frame 860/1320
  ███████████████░░░░░░░░░░  61%  Streaming frame 861/1320
  ███████████████░░░░░░░░░░  61%  Streaming frame 862/1320
  ███████████████░░░░░░░░░░  61%  Streaming frame 863/1320
  ███████████████░░░░░░░░░░  61%  Streaming frame 864/1320
  ███████████████░░░░░░░░░░  61%  Streaming frame 865/1320
  ███████████████░░░░░░░░░░  61%  Streaming frame 866/1320
  ███████████████░░░░░░░░░░  61%  Streaming frame 867/1320
  ███████████████░░░░░░░░░░  61%  Streaming frame 868/1320
  ███████████████░░░░░░░░░░  61%  Streaming frame 869/1320
  ███████████████░░░░░░░░░░  61%  Streaming frame 870/1320
  ███████████████░░░░░░░░░░  61%  Streaming frame 871/1320
  ███████████████░░░░░░░░░░  61%  Streaming frame 872/1320
  ███████████████░░░░░░░░░░  61%  Streaming frame 873/1320
  ███████████████░░░░░░░░░░  61%  Streaming frame 874/1320
  ███████████████░░░░░░░░░░  61%  Streaming frame 875/1320
  ███████████████░░░░░░░░░░  62%  Streaming frame 876/1320
  ███████████████░░░░░░░░░░  62%  Streaming frame 877/1320
  ███████████████░░░░░░░░░░  62%  Streaming frame 878/1320
  ███████████████░░░░░░░░░░  62%  Streaming frame 879/1320
  ███████████████░░░░░░░░░░  62%  Streaming frame 880/1320
  ███████████████░░░░░░░░░░  62%  Streaming frame 881/1320
  ███████████████░░░░░░░░░░  62%  Streaming frame 882/1320
  ███████████████░░░░░░░░░░  62%  Streaming frame 883/1320
  ███████████████░░░░░░░░░░  62%  Streaming frame 884/1320
  ███████████████░░░░░░░░░░  62%  Streaming frame 885/1320
  ███████████████░░░░░░░░░░  62%  Streaming frame 886/1320
  ███████████████░░░░░░░░░░  62%  Streaming frame 887/1320
  ███████████████░░░░░░░░░░  62%  Streaming frame 888/1320
  ███████████████░░░░░░░░░░  62%  Streaming frame 889/1320
  ███████████████░░░░░░░░░░  62%  Streaming frame 890/1320
  ███████████████░░░░░░░░░░  62%  Streaming frame 891/1320
  ███████████████░░░░░░░░░░  62%  Streaming frame 892/1320
  ███████████████░░░░░░░░░░  62%  Streaming frame 893/1320
  ███████████████░░░░░░░░░░  62%  Streaming frame 894/1320
  ███████████████░░░░░░░░░░  62%  Streaming frame 895/1320
  ███████████████░░░░░░░░░░  62%  Streaming frame 896/1320
  ███████████████░░░░░░░░░░  62%  Streaming frame 897/1320
  ███████████████░░░░░░░░░░  62%  Streaming frame 898/1320
  ███████████████░░░░░░░░░░  62%  Streaming frame 899/1320
  ███████████████░░░░░░░░░░  63%  Streaming frame 900/1320
  ███████████████░░░░░░░░░░  63%  Streaming frame 901/1320
  ███████████████░░░░░░░░░░  63%  Streaming frame 902/1320
  ███████████████░░░░░░░░░░  63%  Streaming frame 903/1320
  ███████████████░░░░░░░░░░  63%  Streaming frame 904/1320
  ███████████████░░░░░░░░░░  63%  Streaming frame 905/1320
  ███████████████░░░░░░░░░░  63%  Streaming frame 906/1320
  ███████████████░░░░░░░░░░  63%  Streaming frame 907/1320
  ███████████████░░░░░░░░░░  63%  Streaming frame 908/1320
  ███████████████░░░░░░░░░░  63%  Streaming frame 909/1320
  ███████████████░░░░░░░░░░  63%  Streaming frame 910/1320
  ███████████████░░░░░░░░░░  63%  Streaming frame 911/1320
  ███████████████░░░░░░░░░░  63%  Streaming frame 912/1320
  ███████████████░░░░░░░░░░  63%  Streaming frame 913/1320
  ███████████████░░░░░░░░░░  63%  Streaming frame 914/1320
  ███████████████░░░░░░░░░░  63%  Streaming frame 915/1320
  ███████████████░░░░░░░░░░  63%  Streaming frame 916/1320
  ███████████████░░░░░░░░░░  63%  Streaming frame 917/1320
  ███████████████░░░░░░░░░░  63%  Streaming frame 918/1320
  ███████████████░░░░░░░░░░  63%  Streaming frame 919/1320
  ███████████████░░░░░░░░░░  63%  Streaming frame 920/1320
  ███████████████░░░░░░░░░░  63%  Streaming frame 921/1320
  ███████████████░░░░░░░░░░  63%  Streaming frame 922/1320
  ███████████████░░░░░░░░░░  63%  Streaming frame 923/1320
  ████████████████░░░░░░░░░  64%  Streaming frame 924/1320
  ████████████████░░░░░░░░░  64%  Streaming frame 925/1320
  ████████████████░░░░░░░░░  64%  Streaming frame 926/1320
  ████████████████░░░░░░░░░  64%  Streaming frame 927/1320
  ████████████████░░░░░░░░░  64%  Streaming frame 928/1320
  ████████████████░░░░░░░░░  64%  Streaming frame 929/1320
  ████████████████░░░░░░░░░  64%  Streaming frame 930/1320
  ████████████████░░░░░░░░░  64%  Streaming frame 931/1320
  ████████████████░░░░░░░░░  64%  Streaming frame 932/1320
  ████████████████░░░░░░░░░  64%  Streaming frame 933/1320
  ████████████████░░░░░░░░░  64%  Streaming frame 934/1320
  ████████████████░░░░░░░░░  64%  Streaming frame 935/1320
  ████████████████░░░░░░░░░  64%  Streaming frame 936/1320
  ████████████████░░░░░░░░░  64%  Streaming frame 937/1320
  ████████████████░░░░░░░░░  64%  Streaming frame 938/1320
  ████████████████░░░░░░░░░  64%  Streaming frame 939/1320
  ████████████████░░░░░░░░░  64%  Streaming frame 940/1320
  ████████████████░░░░░░░░░  64%  Streaming frame 941/1320
  ████████████████░░░░░░░░░  64%  Streaming frame 942/1320
  ████████████████░░░░░░░░░  64%  Streaming frame 943/1320
  ████████████████░░░░░░░░░  64%  Streaming frame 944/1320
  ████████████████░░░░░░░░░  64%  Streaming frame 945/1320
  ████████████████░░░░░░░░░  64%  Streaming frame 946/1320
  ████████████████░░░░░░░░░  64%  Streaming frame 947/1320
  ████████████████░░░░░░░░░  65%  Streaming frame 948/1320
  ████████████████░░░░░░░░░  65%  Streaming frame 949/1320
  ████████████████░░░░░░░░░  65%  Streaming frame 950/1320
  ████████████████░░░░░░░░░  65%  Streaming frame 951/1320
  ████████████████░░░░░░░░░  65%  Streaming frame 952/1320
  ████████████████░░░░░░░░░  65%  Streaming frame 953/1320
  ████████████████░░░░░░░░░  65%  Streaming frame 954/1320
  ████████████████░░░░░░░░░  65%  Streaming frame 955/1320
  ████████████████░░░░░░░░░  65%  Streaming frame 956/1320
  ████████████████░░░░░░░░░  65%  Streaming frame 957/1320
  ████████████████░░░░░░░░░  65%  Streaming frame 958/1320
  ████████████████░░░░░░░░░  65%  Streaming frame 959/1320
  ████████████████░░░░░░░░░  65%  Streaming frame 960/1320
  ████████████████░░░░░░░░░  65%  Streaming frame 961/1320
  ████████████████░░░░░░░░░  65%  Streaming frame 962/1320
  ████████████████░░░░░░░░░  65%  Streaming frame 963/1320
  ████████████████░░░░░░░░░  65%  Streaming frame 964/1320
  ████████████████░░░░░░░░░  65%  Streaming frame 965/1320
  ████████████████░░░░░░░░░  65%  Streaming frame 966/1320
  ████████████████░░░░░░░░░  65%  Streaming frame 967/1320
  ████████████████░░░░░░░░░  65%  Streaming frame 968/1320
  ████████████████░░░░░░░░░  65%  Streaming frame 969/1320
  ████████████████░░░░░░░░░  65%  Streaming frame 970/1320
  ████████████████░░░░░░░░░  65%  Streaming frame 971/1320
  ████████████████░░░░░░░░░  66%  Streaming frame 972/1320
  ████████████████░░░░░░░░░  66%  Streaming frame 973/1320
  ████████████████░░░░░░░░░  66%  Streaming frame 974/1320
  ████████████████░░░░░░░░░  66%  Streaming frame 975/1320
  ████████████████░░░░░░░░░  66%  Streaming frame 976/1320
  ████████████████░░░░░░░░░  66%  Streaming frame 977/1320
  ████████████████░░░░░░░░░  66%  Streaming frame 978/1320
  ████████████████░░░░░░░░░  66%  Streaming frame 979/1320
  ████████████████░░░░░░░░░  66%  Streaming frame 980/1320
  ████████████████░░░░░░░░░  66%  Streaming frame 981/1320
  ████████████████░░░░░░░░░  66%  Streaming frame 982/1320
  ████████████████░░░░░░░░░  66%  Streaming frame 983/1320
  ████████████████░░░░░░░░░  66%  Streaming frame 984/1320
  ████████████████░░░░░░░░░  66%  Streaming frame 985/1320
  ████████████████░░░░░░░░░  66%  Streaming frame 986/1320
  ████████████████░░░░░░░░░  66%  Streaming frame 987/1320
  ████████████████░░░░░░░░░  66%  Streaming frame 988/1320
  ████████████████░░░░░░░░░  66%  Streaming frame 989/1320
  ████████████████░░░░░░░░░  66%  Streaming frame 990/1320
  ████████████████░░░░░░░░░  66%  Streaming frame 991/1320
  ████████████████░░░░░░░░░  66%  Streaming frame 992/1320
  ████████████████░░░░░░░░░  66%  Streaming frame 993/1320
  ████████████████░░░░░░░░░  66%  Streaming frame 994/1320
  ████████████████░░░░░░░░░  66%  Streaming frame 995/1320
  ████████████████░░░░░░░░░  67%  Streaming frame 996/1320
  ████████████████░░░░░░░░░  67%  Streaming frame 997/1320
  ████████████████░░░░░░░░░  67%  Streaming frame 998/1320
  ████████████████░░░░░░░░░  67%  Streaming frame 999/1320
  ████████████████░░░░░░░░░  67%  Streaming frame 1000/1320
  ████████████████░░░░░░░░░  67%  Streaming frame 1001/1320
  ████████████████░░░░░░░░░  67%  Streaming frame 1002/1320
  ████████████████░░░░░░░░░  67%  Streaming frame 1003/1320
  ████████████████░░░░░░░░░  67%  Streaming frame 1004/1320
  ████████████████░░░░░░░░░  67%  Streaming frame 1005/1320
  ████████████████░░░░░░░░░  67%  Streaming frame 1006/1320
  ████████████████░░░░░░░░░  67%  Streaming frame 1007/1320
  ████████████████░░░░░░░░░  67%  Streaming frame 1008/1320
  ████████████████░░░░░░░░░  67%  Streaming frame 1009/1320
  ████████████████░░░░░░░░░  67%  Streaming frame 1010/1320
  ████████████████░░░░░░░░░  67%  Streaming frame 1011/1320
  ████████████████░░░░░░░░░  67%  Streaming frame 1012/1320
  ████████████████░░░░░░░░░  67%  Streaming frame 1013/1320
  ████████████████░░░░░░░░░  67%  Streaming frame 1014/1320
  ████████████████░░░░░░░░░  67%  Streaming frame 1015/1320
  ████████████████░░░░░░░░░  67%  Streaming frame 1016/1320
  ████████████████░░░░░░░░░  67%  Streaming frame 1017/1320
  ████████████████░░░░░░░░░  67%  Streaming frame 1018/1320
  ████████████████░░░░░░░░░  67%  Streaming frame 1019/1320
  █████████████████░░░░░░░░  68%  Streaming frame 1020/1320
  █████████████████░░░░░░░░  68%  Streaming frame 1021/1320
  █████████████████░░░░░░░░  68%  Streaming frame 1022/1320
  █████████████████░░░░░░░░  68%  Streaming frame 1023/1320
  █████████████████░░░░░░░░  68%  Streaming frame 1024/1320
  █████████████████░░░░░░░░  68%  Streaming frame 1025/1320
  █████████████████░░░░░░░░  68%  Streaming frame 1026/1320
  █████████████████░░░░░░░░  68%  Streaming frame 1027/1320
  █████████████████░░░░░░░░  68%  Streaming frame 1028/1320
  █████████████████░░░░░░░░  68%  Streaming frame 1029/1320
  █████████████████░░░░░░░░  68%  Streaming frame 1030/1320
  █████████████████░░░░░░░░  68%  Streaming frame 1031/1320
  █████████████████░░░░░░░░  68%  Streaming frame 1032/1320
  █████████████████░░░░░░░░  68%  Streaming frame 1033/1320
  █████████████████░░░░░░░░  68%  Streaming frame 1034/1320
  █████████████████░░░░░░░░  68%  Streaming frame 1035/1320
  █████████████████░░░░░░░░  68%  Streaming frame 1036/1320
  █████████████████░░░░░░░░  68%  Streaming frame 1037/1320
  █████████████████░░░░░░░░  68%  Streaming frame 1038/1320
  █████████████████░░░░░░░░  68%  Streaming frame 1039/1320
  █████████████████░░░░░░░░  68%  Streaming frame 1040/1320
  █████████████████░░░░░░░░  68%  Streaming frame 1041/1320
  █████████████████░░░░░░░░  68%  Streaming frame 1042/1320
  █████████████████░░░░░░░░  68%  Streaming frame 1043/1320
  █████████████████░░░░░░░░  69%  Streaming frame 1044/1320
  █████████████████░░░░░░░░  69%  Streaming frame 1045/1320
  █████████████████░░░░░░░░  69%  Streaming frame 1046/1320
  █████████████████░░░░░░░░  69%  Streaming frame 1047/1320
  █████████████████░░░░░░░░  69%  Streaming frame 1048/1320
  █████████████████░░░░░░░░  69%  Streaming frame 1049/1320
  █████████████████░░░░░░░░  69%  Streaming frame 1050/1320
  █████████████████░░░░░░░░  69%  Streaming frame 1051/1320
  █████████████████░░░░░░░░  69%  Streaming frame 1052/1320
  █████████████████░░░░░░░░  69%  Streaming frame 1053/1320
  █████████████████░░░░░░░░  69%  Streaming frame 1054/1320
  █████████████████░░░░░░░░  69%  Streaming frame 1055/1320
  █████████████████░░░░░░░░  69%  Streaming frame 1056/1320
  █████████████████░░░░░░░░  69%  Streaming frame 1057/1320
  █████████████████░░░░░░░░  69%  Streaming frame 1058/1320
  █████████████████░░░░░░░░  69%  Streaming frame 1059/1320
  █████████████████░░░░░░░░  69%  Streaming frame 1060/1320
  █████████████████░░░░░░░░  69%  Streaming frame 1061/1320
  █████████████████░░░░░░░░  69%  Streaming frame 1062/1320
  █████████████████░░░░░░░░  69%  Streaming frame 1063/1320
  █████████████████░░░░░░░░  69%  Streaming frame 1064/1320
  █████████████████░░░░░░░░  69%  Streaming frame 1065/1320
  █████████████████░░░░░░░░  69%  Streaming frame 1066/1320
  █████████████████░░░░░░░░  69%  Streaming frame 1067/1320
  █████████████████░░░░░░░░  70%  Streaming frame 1068/1320
  █████████████████░░░░░░░░  70%  Streaming frame 1069/1320
  █████████████████░░░░░░░░  70%  Streaming frame 1070/1320
  █████████████████░░░░░░░░  70%  Streaming frame 1071/1320
  █████████████████░░░░░░░░  70%  Streaming frame 1072/1320
  █████████████████░░░░░░░░  70%  Streaming frame 1073/1320
  █████████████████░░░░░░░░  70%  Streaming frame 1074/1320
  █████████████████░░░░░░░░  70%  Streaming frame 1075/1320
  █████████████████░░░░░░░░  70%  Streaming frame 1076/1320
  █████████████████░░░░░░░░  70%  Streaming frame 1077/1320
  █████████████████░░░░░░░░  70%  Streaming frame 1078/1320
  █████████████████░░░░░░░░  70%  Streaming frame 1079/1320
  █████████████████░░░░░░░░  70%  Streaming frame 1080/1320
  █████████████████░░░░░░░░  70%  Streaming frame 1081/1320
  █████████████████░░░░░░░░  70%  Streaming frame 1082/1320
  █████████████████░░░░░░░░  70%  Streaming frame 1083/1320
  █████████████████░░░░░░░░  70%  Streaming frame 1084/1320
  █████████████████░░░░░░░░  70%  Streaming frame 1085/1320
  █████████████████░░░░░░░░  70%  Streaming frame 1086/1320
  █████████████████░░░░░░░░  70%  Streaming frame 1087/1320
  █████████████████░░░░░░░░  70%  Streaming frame 1088/1320
  █████████████████░░░░░░░░  70%  Streaming frame 1089/1320
  █████████████████░░░░░░░░  70%  Streaming frame 1090/1320
  █████████████████░░░░░░░░  70%  Streaming frame 1091/1320
  █████████████████░░░░░░░░  71%  Streaming frame 1092/1320
  █████████████████░░░░░░░░  71%  Streaming frame 1093/1320
  █████████████████░░░░░░░░  71%  Streaming frame 1094/1320
  █████████████████░░░░░░░░  71%  Streaming frame 1095/1320
  █████████████████░░░░░░░░  71%  Streaming frame 1096/1320
  █████████████████░░░░░░░░  71%  Streaming frame 1097/1320
  █████████████████░░░░░░░░  71%  Streaming frame 1098/1320
  █████████████████░░░░░░░░  71%  Streaming frame 1099/1320
  █████████████████░░░░░░░░  71%  Streaming frame 1100/1320
  █████████████████░░░░░░░░  71%  Streaming frame 1101/1320
  █████████████████░░░░░░░░  71%  Streaming frame 1102/1320
  █████████████████░░░░░░░░  71%  Streaming frame 1103/1320
  █████████████████░░░░░░░░  71%  Streaming frame 1104/1320
  █████████████████░░░░░░░░  71%  Streaming frame 1105/1320
  █████████████████░░░░░░░░  71%  Streaming frame 1106/1320
  █████████████████░░░░░░░░  71%  Streaming frame 1107/1320
  █████████████████░░░░░░░░  71%  Streaming frame 1108/1320
  █████████████████░░░░░░░░  71%  Streaming frame 1109/1320
  █████████████████░░░░░░░░  71%  Streaming frame 1110/1320
  █████████████████░░░░░░░░  71%  Streaming frame 1111/1320
  █████████████████░░░░░░░░  71%  Streaming frame 1112/1320
  █████████████████░░░░░░░░  71%  Streaming frame 1113/1320
  █████████████████░░░░░░░░  71%  Streaming frame 1114/1320
  █████████████████░░░░░░░░  71%  Streaming frame 1115/1320
  ██████████████████░░░░░░░  72%  Streaming frame 1116/1320
  ██████████████████░░░░░░░  72%  Streaming frame 1117/1320
  ██████████████████░░░░░░░  72%  Streaming frame 1118/1320
  ██████████████████░░░░░░░  72%  Streaming frame 1119/1320
  ██████████████████░░░░░░░  72%  Streaming frame 1120/1320
  ██████████████████░░░░░░░  72%  Streaming frame 1121/1320
  ██████████████████░░░░░░░  72%  Streaming frame 1122/1320
  ██████████████████░░░░░░░  72%  Streaming frame 1123/1320
  ██████████████████░░░░░░░  72%  Streaming frame 1124/1320
  ██████████████████░░░░░░░  72%  Streaming frame 1125/1320
  ██████████████████░░░░░░░  72%  Streaming frame 1126/1320
  ██████████████████░░░░░░░  72%  Streaming frame 1127/1320
  ██████████████████░░░░░░░  72%  Streaming frame 1128/1320
  ██████████████████░░░░░░░  72%  Streaming frame 1129/1320
  ██████████████████░░░░░░░  72%  Streaming frame 1130/1320
  ██████████████████░░░░░░░  72%  Streaming frame 1131/1320
  ██████████████████░░░░░░░  72%  Streaming frame 1132/1320
  ██████████████████░░░░░░░  72%  Streaming frame 1133/1320
  ██████████████████░░░░░░░  72%  Streaming frame 1134/1320
  ██████████████████░░░░░░░  72%  Streaming frame 1135/1320
  ██████████████████░░░░░░░  72%  Streaming frame 1136/1320
  ██████████████████░░░░░░░  72%  Streaming frame 1137/1320
  ██████████████████░░░░░░░  72%  Streaming frame 1138/1320
  ██████████████████░░░░░░░  72%  Streaming frame 1139/1320
  ██████████████████░░░░░░░  73%  Streaming frame 1140/1320
  ██████████████████░░░░░░░  73%  Streaming frame 1141/1320
  ██████████████████░░░░░░░  73%  Streaming frame 1142/1320
  ██████████████████░░░░░░░  73%  Streaming frame 1143/1320
  ██████████████████░░░░░░░  73%  Streaming frame 1144/1320
  ██████████████████░░░░░░░  73%  Streaming frame 1145/1320
  ██████████████████░░░░░░░  73%  Streaming frame 1146/1320
  ██████████████████░░░░░░░  73%  Streaming frame 1147/1320
  ██████████████████░░░░░░░  73%  Streaming frame 1148/1320
  ██████████████████░░░░░░░  73%  Streaming frame 1149/1320
  ██████████████████░░░░░░░  73%  Streaming frame 1150/1320
  ██████████████████░░░░░░░  73%  Streaming frame 1151/1320
  ██████████████████░░░░░░░  73%  Streaming frame 1152/1320
  ██████████████████░░░░░░░  73%  Streaming frame 1153/1320
  ██████████████████░░░░░░░  73%  Streaming frame 1154/1320
  ██████████████████░░░░░░░  73%  Streaming frame 1155/1320
  ██████████████████░░░░░░░  73%  Streaming frame 1156/1320
  ██████████████████░░░░░░░  73%  Streaming frame 1157/1320
  ██████████████████░░░░░░░  73%  Streaming frame 1158/1320
  ██████████████████░░░░░░░  73%  Streaming frame 1159/1320
  ██████████████████░░░░░░░  73%  Streaming frame 1160/1320
  ██████████████████░░░░░░░  73%  Streaming frame 1161/1320
  ██████████████████░░░░░░░  73%  Streaming frame 1162/1320
  ██████████████████░░░░░░░  73%  Streaming frame 1163/1320
  ██████████████████░░░░░░░  74%  Streaming frame 1164/1320
  ██████████████████░░░░░░░  74%  Streaming frame 1165/1320
  ██████████████████░░░░░░░  74%  Streaming frame 1166/1320
  ██████████████████░░░░░░░  74%  Streaming frame 1167/1320
  ██████████████████░░░░░░░  74%  Streaming frame 1168/1320
  ██████████████████░░░░░░░  74%  Streaming frame 1169/1320
  ██████████████████░░░░░░░  74%  Streaming frame 1170/1320
  ██████████████████░░░░░░░  74%  Streaming frame 1171/1320
  ██████████████████░░░░░░░  74%  Streaming frame 1172/1320
  ██████████████████░░░░░░░  74%  Streaming frame 1173/1320
  ██████████████████░░░░░░░  74%  Streaming frame 1174/1320
  ██████████████████░░░░░░░  74%  Streaming frame 1175/1320
  ██████████████████░░░░░░░  74%  Streaming frame 1176/1320
  ██████████████████░░░░░░░  74%  Streaming frame 1177/1320
  ██████████████████░░░░░░░  74%  Streaming frame 1178/1320
  ██████████████████░░░░░░░  74%  Streaming frame 1179/1320
  ██████████████████░░░░░░░  74%  Streaming frame 1180/1320
  ██████████████████░░░░░░░  74%  Streaming frame 1181/1320
  ██████████████████░░░░░░░  74%  Streaming frame 1182/1320
  ██████████████████░░░░░░░  74%  Streaming frame 1183/1320
  ██████████████████░░░░░░░  74%  Streaming frame 1184/1320
  ██████████████████░░░░░░░  74%  Streaming frame 1185/1320
  ██████████████████░░░░░░░  74%  Streaming frame 1186/1320
  ██████████████████░░░░░░░  74%  Streaming frame 1187/1320
  ██████████████████░░░░░░░  75%  Streaming frame 1188/1320
  ██████████████████░░░░░░░  75%  Streaming frame 1189/1320
  ██████████████████░░░░░░░  75%  Streaming frame 1190/1320
  ██████████████████░░░░░░░  75%  Streaming frame 1191/1320
  ██████████████████░░░░░░░  75%  Streaming frame 1192/1320
  ██████████████████░░░░░░░  75%  Streaming frame 1193/1320
  ██████████████████░░░░░░░  75%  Streaming frame 1194/1320
  ██████████████████░░░░░░░  75%  Streaming frame 1195/1320
  ██████████████████░░░░░░░  75%  Streaming frame 1196/1320
  ██████████████████░░░░░░░  75%  Streaming frame 1197/1320
  ██████████████████░░░░░░░  75%  Streaming frame 1198/1320
  ██████████████████░░░░░░░  75%  Streaming frame 1199/1320
  ██████████████████░░░░░░░  75%  Streaming frame 1200/1320
  ██████████████████░░░░░░░  75%  Streaming frame 1201/1320
  ██████████████████░░░░░░░  75%  Streaming frame 1202/1320
  ██████████████████░░░░░░░  75%  Streaming frame 1203/1320
  ██████████████████░░░░░░░  75%  Streaming frame 1204/1320
  ██████████████████░░░░░░░  75%  Streaming frame 1205/1320
  ██████████████████░░░░░░░  75%  Streaming frame 1206/1320
  ██████████████████░░░░░░░  75%  Streaming frame 1207/1320
  ██████████████████░░░░░░░  75%  Streaming frame 1208/1320
  ██████████████████░░░░░░░  75%  Streaming frame 1209/1320
  ██████████████████░░░░░░░  75%  Streaming frame 1210/1320
  ██████████████████░░░░░░░  75%  Streaming frame 1211/1320
  ███████████████████░░░░░░  76%  Streaming frame 1212/1320
  ███████████████████░░░░░░  76%  Streaming frame 1213/1320
  ███████████████████░░░░░░  76%  Streaming frame 1214/1320
  ███████████████████░░░░░░  76%  Streaming frame 1215/1320
  ███████████████████░░░░░░  76%  Streaming frame 1216/1320
  ███████████████████░░░░░░  76%  Streaming frame 1217/1320
  ███████████████████░░░░░░  76%  Streaming frame 1218/1320
  ███████████████████░░░░░░  76%  Streaming frame 1219/1320
  ███████████████████░░░░░░  76%  Streaming frame 1220/1320
  ███████████████████░░░░░░  76%  Streaming frame 1221/1320
  ███████████████████░░░░░░  76%  Streaming frame 1222/1320
  ███████████████████░░░░░░  76%  Streaming frame 1223/1320
  ███████████████████░░░░░░  76%  Streaming frame 1224/1320
  ███████████████████░░░░░░  76%  Streaming frame 1225/1320
  ███████████████████░░░░░░  76%  Streaming frame 1226/1320
  ███████████████████░░░░░░  76%  Streaming frame 1227/1320
  ███████████████████░░░░░░  76%  Streaming frame 1228/1320
  ███████████████████░░░░░░  76%  Streaming frame 1229/1320
  ███████████████████░░░░░░  76%  Streaming frame 1230/1320
  ███████████████████░░░░░░  76%  Streaming frame 1231/1320
  ███████████████████░░░░░░  76%  Streaming frame 1232/1320
  ███████████████████░░░░░░  76%  Streaming frame 1233/1320
  ███████████████████░░░░░░  76%  Streaming frame 1234/1320
  ███████████████████░░░░░░  76%  Streaming frame 1235/1320
  ███████████████████░░░░░░  77%  Streaming frame 1236/1320
  ███████████████████░░░░░░  77%  Streaming frame 1237/1320
  ███████████████████░░░░░░  77%  Streaming frame 1238/1320
  ███████████████████░░░░░░  77%  Streaming frame 1239/1320
  ███████████████████░░░░░░  77%  Streaming frame 1240/1320
  ███████████████████░░░░░░  77%  Streaming frame 1241/1320
  ███████████████████░░░░░░  77%  Streaming frame 1242/1320
  ███████████████████░░░░░░  77%  Streaming frame 1243/1320
  ███████████████████░░░░░░  77%  Streaming frame 1244/1320
  ███████████████████░░░░░░  77%  Streaming frame 1245/1320
  ███████████████████░░░░░░  77%  Streaming frame 1246/1320
  ███████████████████░░░░░░  77%  Streaming frame 1247/1320
  ███████████████████░░░░░░  77%  Streaming frame 1248/1320
  ███████████████████░░░░░░  77%  Streaming frame 1249/1320
  ███████████████████░░░░░░  77%  Streaming frame 1250/1320
  ███████████████████░░░░░░  77%  Streaming frame 1251/1320
  ███████████████████░░░░░░  77%  Streaming frame 1252/1320
  ███████████████████░░░░░░  77%  Streaming frame 1253/1320
  ███████████████████░░░░░░  77%  Streaming frame 1254/1320
  ███████████████████░░░░░░  77%  Streaming frame 1255/1320
  ███████████████████░░░░░░  77%  Streaming frame 1256/1320
  ███████████████████░░░░░░  77%  Streaming frame 1257/1320
  ███████████████████░░░░░░  77%  Streaming frame 1258/1320
  ███████████████████░░░░░░  77%  Streaming frame 1259/1320
  ███████████████████░░░░░░  78%  Streaming frame 1260/1320
  ███████████████████░░░░░░  78%  Streaming frame 1261/1320
  ███████████████████░░░░░░  78%  Streaming frame 1262/1320
  ███████████████████░░░░░░  78%  Streaming frame 1263/1320
  ███████████████████░░░░░░  78%  Streaming frame 1264/1320
  ███████████████████░░░░░░  78%  Streaming frame 1265/1320
  ███████████████████░░░░░░  78%  Streaming frame 1266/1320
  ███████████████████░░░░░░  78%  Streaming frame 1267/1320
  ███████████████████░░░░░░  78%  Streaming frame 1268/1320
  ███████████████████░░░░░░  78%  Streaming frame 1269/1320
  ███████████████████░░░░░░  78%  Streaming frame 1270/1320
  ███████████████████░░░░░░  78%  Streaming frame 1271/1320
  ███████████████████░░░░░░  78%  Streaming frame 1272/1320
  ███████████████████░░░░░░  78%  Streaming frame 1273/1320
  ███████████████████░░░░░░  78%  Streaming frame 1274/1320
  ███████████████████░░░░░░  78%  Streaming frame 1275/1320
  ███████████████████░░░░░░  78%  Streaming frame 1276/1320
  ███████████████████░░░░░░  78%  Streaming frame 1277/1320
  ███████████████████░░░░░░  78%  Streaming frame 1278/1320
  ███████████████████░░░░░░  78%  Streaming frame 1279/1320
  ███████████████████░░░░░░  78%  Streaming frame 1280/1320
  ███████████████████░░░░░░  78%  Streaming frame 1281/1320
  ███████████████████░░░░░░  78%  Streaming frame 1282/1320
  ███████████████████░░░░░░  78%  Streaming frame 1283/1320
  ███████████████████░░░░░░  79%  Streaming frame 1284/1320
  ███████████████████░░░░░░  79%  Streaming frame 1285/1320
  ███████████████████░░░░░░  79%  Streaming frame 1286/1320
  ███████████████████░░░░░░  79%  Streaming frame 1287/1320
  ███████████████████░░░░░░  79%  Streaming frame 1288/1320
  ███████████████████░░░░░░  79%  Streaming frame 1289/1320
  ███████████████████░░░░░░  79%  Streaming frame 1290/1320
  ███████████████████░░░░░░  79%  Streaming frame 1291/1320
  ███████████████████░░░░░░  79%  Streaming frame 1292/1320
  ███████████████████░░░░░░  79%  Streaming frame 1293/1320
  ███████████████████░░░░░░  79%  Streaming frame 1294/1320
  ███████████████████░░░░░░  79%  Streaming frame 1295/1320
  ███████████████████░░░░░░  79%  Streaming frame 1296/1320
  ███████████████████░░░░░░  79%  Streaming frame 1297/1320
  ███████████████████░░░░░░  79%  Streaming frame 1298/1320
  ███████████████████░░░░░░  79%  Streaming frame 1299/1320
  ███████████████████░░░░░░  79%  Streaming frame 1300/1320
  ███████████████████░░░░░░  79%  Streaming frame 1301/1320
  ███████████████████░░░░░░  79%  Streaming frame 1302/1320
  ███████████████████░░░░░░  79%  Streaming frame 1303/1320
  ███████████████████░░░░░░  79%  Streaming frame 1304/1320
  ███████████████████░░░░░░  79%  Streaming frame 1305/1320
  ███████████████████░░░░░░  79%  Streaming frame 1306/1320
  ███████████████████░░░░░░  79%  Streaming frame 1307/1320
  ████████████████████░░░░░  80%  Streaming frame 1308/1320
  ████████████████████░░░░░  80%  Streaming frame 1309/1320
  ████████████████████░░░░░  80%  Streaming frame 1310/1320
  ████████████████████░░░░░  80%  Streaming frame 1311/1320
  ████████████████████░░░░░  80%  Streaming frame 1312/1320
  ████████████████████░░░░░  80%  Streaming frame 1313/1320
  ████████████████████░░░░░  80%  Streaming frame 1314/1320
  ████████████████████░░░░░  80%  Streaming frame 1315/1320
  ████████████████████░░░░░  80%  Streaming frame 1316/1320
  ████████████████████░░░░░  80%  Streaming frame 1317/1320
  ████████████████████░░░░░  80%  Streaming frame 1318/1320
  ████████████████████░░░░░  80%  Streaming frame 1319/1320
  ████████████████████░░░░░  80%  Streaming frame 1320/1320
  ██████████████████████░░░  90%  Assembling final video
  █████████████████████████  100%  Render complete

◇  F:\circuit\film\aura-launch\renders\aura-launch.mp4
   12.8 MB · 44.0s video · rendered in 2m 33.8s
