[INFO] [Render] Pipeline started {"renderJobId":"d70d4bbf-b54f-4e87-8d09-3d0d58684872","platform":"win32","arch":"x64","nodeVersion":"v24.15.0","fps":{"num":30,"den":1},"format":"mp4","quality":"high","browserGpuMode":"hardware","forceScreenshot":false,"protocolTimeout":300000,"browserTimeout":120000,"pageNavigationTimeout":60000,"playerReadyTimeout":45000}
[INFO] [Render:trace] {"renderJobId":"d70d4bbf-b54f-4e87-8d09-3d0d58684872","phase":"pipeline","status":"checkpoint","elapsedMs":4,"message":"started","format":"mp4","quality":"high","browserGpuMode":"hardware","forceScreenshot":false,"protocolTimeoutMs":300000,"pageNavigationTimeoutMs":60000,"playerReadyTimeoutMs":45000,"requestedWorkers":1}
[INFO] [Render:trace] {"renderJobId":"d70d4bbf-b54f-4e87-8d09-3d0d58684872","phase":"compile","status":"start","elapsedMs":6,"needsAlpha":false}
[INFO] [Compiler] Embedded local font file: assets/fonts/Manrope.ttf (162 KB → data URI)
[INFO] Compiled composition metadata {"renderJobId":"d70d4bbf-b54f-4e87-8d09-3d0d58684872","entryFile":"index.html","staticDuration":44,"width":1920,"height":1080,"videoCount":0,"audioCount":1,"renderModeHints":{"recommendScreenshot":false,"reasons":[]}}
[INFO] [Render:trace] {"renderJobId":"d70d4bbf-b54f-4e87-8d09-3d0d58684872","phase":"compile","status":"end","elapsedMs":691,"durationMs":685,"needsAlpha":false}
[INFO] [Render:trace] {"renderJobId":"d70d4bbf-b54f-4e87-8d09-3d0d58684872","phase":"compile","status":"checkpoint","elapsedMs":691,"message":"composition metadata resolved","width":1920,"height":1080,"videoCount":0,"audioCount":1,"imageCount":5,"deviceScaleFactor":1,"forceScreenshot":false,"compositionHash":"2e9f11317b1fb68f"}
[INFO] [Render:trace] {"renderJobId":"d70d4bbf-b54f-4e87-8d09-3d0d58684872","phase":"browser_probe","status":"start","elapsedMs":692,"forceScreenshot":false,"stagePhase":"calibrating"}
[INFO] [Render:trace] {"renderJobId":"d70d4bbf-b54f-4e87-8d09-3d0d58684872","phase":"browser_probe","status":"end","elapsedMs":803,"durationMs":111,"forceScreenshot":false,"stagePhase":"calibrating"}
[INFO] [Render:trace] {"renderJobId":"d70d4bbf-b54f-4e87-8d09-3d0d58684872","phase":"browser_probe","status":"checkpoint","elapsedMs":804,"message":"duration resolved","durationSeconds":44,"totalFrames":1320,"compositionHash":"2e9f11317b1fb68f","beginFrameStalled":false}
[INFO] [Render:trace] {"renderJobId":"d70d4bbf-b54f-4e87-8d09-3d0d58684872","phase":"video_extract","status":"start","elapsedMs":805,"videoCount":0}
[INFO] [Render:trace] {"renderJobId":"d70d4bbf-b54f-4e87-8d09-3d0d58684872","phase":"video_extract","status":"end","elapsedMs":808,"durationMs":3,"videoCount":0}
[INFO] [Render:trace] {"renderJobId":"d70d4bbf-b54f-4e87-8d09-3d0d58684872","phase":"video_extract","status":"checkpoint","elapsedMs":811,"message":"frames resolved","videoCount":0,"extractedVideoCount":0,"totalFramesExtracted":0,"maxFramesPerVideo":0,"avgFramesPerExtractedVideo":null,"vfrPreflightCount":null,"vfrPreflightMs":null,"cacheHits":null,"cacheMisses":null,"transientRetries":null,"minVideoFrameCoverageRatio":null,"authoredTimedClipCount":9}
[INFO] [Render] No HDR sources detected — rendering SDR {"renderJobId":"d70d4bbf-b54f-4e87-8d09-3d0d58684872"}
[INFO] [Render:trace] {"renderJobId":"d70d4bbf-b54f-4e87-8d09-3d0d58684872","phase":"hdr_detection","status":"checkpoint","elapsedMs":812,"message":"resolved","requestedHdrMode":"auto","effectiveHdr":"sdr","nativeHdrVideoCount":0,"nativeHdrImageCount":0}
[INFO] [Render:trace] {"renderJobId":"d70d4bbf-b54f-4e87-8d09-3d0d58684872","phase":"audio_process","status":"start","elapsedMs":813,"audioCount":1}
[INFO] [Render:trace] {"renderJobId":"d70d4bbf-b54f-4e87-8d09-3d0d58684872","phase":"audio_process","status":"end","elapsedMs":2248,"durationMs":1435,"audioCount":1}
[INFO] [Render:trace] {"renderJobId":"d70d4bbf-b54f-4e87-8d09-3d0d58684872","phase":"file_server","status":"start","elapsedMs":2248,"reused":false}
[INFO] [Render:trace] {"renderJobId":"d70d4bbf-b54f-4e87-8d09-3d0d58684872","phase":"file_server","status":"end","elapsedMs":2274,"durationMs":26}
[hyperframes] browserGpuMode probe → hardware (WebGL renderer vendor="Google Inc. (Intel)" renderer="ANGLE (Intel, Intel(R) UHD Graphics (0x00009B41) Direct3D11 vs_5_0 ps_5_0, D3D11)")
[INFO] [Render:trace] {"renderJobId":"d70d4bbf-b54f-4e87-8d09-3d0d58684872","phase":"capture_calibration","status":"checkpoint","elapsedMs":2805,"message":"skipped","requestedWorkers":1,"totalFrames":1320,"htmlInCanvasDetected":false,"lowMemoryMode":false,"deInversionEligible":false,"deParallelRouterEligible":false}
[INFO] [Render:trace] {"renderJobId":"d70d4bbf-b54f-4e87-8d09-3d0d58684872","phase":"worker_resolution","status":"checkpoint","elapsedMs":2807,"message":"resolved","workerCount":1}
[INFO] streaming-encode gate {"renderJobId":"d70d4bbf-b54f-4e87-8d09-3d0d58684872","enabled":true,"configFlag":true,"outputFormat":"mp4","workerCount":1,"durationSeconds":44,"maxDurationSeconds":240}
[INFO] [Render:trace] {"renderJobId":"d70d4bbf-b54f-4e87-8d09-3d0d58684872","phase":"capture_strategy","status":"checkpoint","elapsedMs":2807,"message":"resolved","workerCount":1,"forceScreenshot":false,"captureBeyondViewport":null,"useStreamingEncode":true,"useLayeredComposite":false,"usePageSideCompositing":false,"hasHdrContent":false,"hasShaderTransitions":false,"isPngSequence":false}
[INFO] [Render:trace] {"renderJobId":"d70d4bbf-b54f-4e87-8d09-3d0d58684872","phase":"capture_streaming","status":"start","elapsedMs":2808,"stagePhase":"capturing","workerCount":1,"forceScreenshot":false,"totalFrames":1320,"framesCompleted":0,"captureMode":"drawelement","captureOperation":"drawElement"}
[INFO] [Render:trace] {"renderJobId":"d70d4bbf-b54f-4e87-8d09-3d0d58684872","phase":"capture_streaming","status":"checkpoint","elapsedMs":32811,"message":"stage still running","stagePhase":"capturing","workerCount":1,"forceScreenshot":false,"totalFrames":1320,"framesCompleted":223,"captureMode":"drawelement","captureOperation":"drawElement","heartbeatIndex":1,"stageElapsedMs":30003}
[INFO] [Render:trace] {"renderJobId":"d70d4bbf-b54f-4e87-8d09-3d0d58684872","phase":"capture_streaming","status":"checkpoint","elapsedMs":62823,"message":"stage still running","stagePhase":"capturing","workerCount":1,"forceScreenshot":false,"totalFrames":1320,"framesCompleted":456,"captureMode":"drawelement","captureOperation":"drawElement","heartbeatIndex":2,"stageElapsedMs":60015}
[INFO] [Render:trace] {"renderJobId":"d70d4bbf-b54f-4e87-8d09-3d0d58684872","phase":"capture_streaming","status":"checkpoint","elapsedMs":122831,"message":"stage still running","stagePhase":"capturing","workerCount":1,"forceScreenshot":false,"totalFrames":1320,"framesCompleted":1017,"captureMode":"drawelement","captureOperation":"drawElement","heartbeatIndex":3,"stageElapsedMs":120023}
[INFO] [Render:trace] {"renderJobId":"d70d4bbf-b54f-4e87-8d09-3d0d58684872","phase":"capture_streaming","status":"end","elapsedMs":150523,"durationMs":147715,"stagePhase":"capturing","workerCount":1,"forceScreenshot":false,"totalFrames":1320,"framesCompleted":1320,"captureMode":"drawelement","captureOperation":"encode"}
[INFO] [Render:trace] {"renderJobId":"d70d4bbf-b54f-4e87-8d09-3d0d58684872","phase":"assemble","status":"start","elapsedMs":150525,"stagePhase":"capturing","hasAudio":true,"workerCount":1,"forceScreenshot":false,"totalFrames":1320,"framesCompleted":1320,"captureMode":"drawelement","captureOperation":"encode"}
[INFO] [Render:trace] {"renderJobId":"d70d4bbf-b54f-4e87-8d09-3d0d58684872","phase":"assemble","status":"end","elapsedMs":153642,"durationMs":3116,"stagePhase":"capturing","hasAudio":true,"workerCount":1,"forceScreenshot":false,"totalFrames":1320,"framesCompleted":1320,"captureMode":"drawelement","captureOperation":"encode"}
[INFO] [Render:trace] {"renderJobId":"d70d4bbf-b54f-4e87-8d09-3d0d58684872","phase":"pipeline","status":"checkpoint","elapsedMs":153767,"message":"artifact validated","totalElapsedMs":153765}
