Input #0, mov,mp4,m4a,3gp,3g2,mj2, from 'renders/aura-launch.mp4':
  Metadata:
    minor_version   : 512
    major_brand     : isom
    compatible_brands: isomiso2avc1mp41
    hyperframes_version: 0.0.0-dev
    hyperframes_renderer: hyperframes
    encoder         : Lavf62.12.101
  Duration: 00:00:36.00, start: 0.000000, bitrate: 2055 kb/s
  Stream #0:0[0x1](und): Video: h264 (High) (avc1 / 0x31637661), yuv420p(tv, bt709, progressive), 1920x1080 [SAR 1:1 DAR 16:9], 1855 kb/s, 30 fps, 30 tbr, 15360 tbn (default)
    Metadata:
      handler_name    : VideoHandler
      encoder         : Lavc62.28.101 libx264
  Stream #0:1[0x2](und): Audio: aac (LC) (mp4a / 0x6134706D), 48000 Hz, stereo, fltp, 192 kb/s (default)
    Metadata:
      handler_name    : SoundHandler
[Parsed_volumedetect_0 @ 00000295c006fc00] n_samples: 0
Stream mapping:
  Stream #0:0 -> #0:0 (h264 (native) -> wrapped_avframe (native))
  Stream #0:1 -> #0:1 (aac (native) -> pcm_s16le (native))
Press [q] to stop, [?] for help
Output #0, null, to 'NUL':
  Metadata:
    minor_version   : 512
    major_brand     : isom
    compatible_brands: isomiso2avc1mp41
    hyperframes_version: 0.0.0-dev
    hyperframes_renderer: hyperframes
    encoder         : Lavf62.12.101
  Stream #0:0(und): Video: wrapped_avframe, yuv420p(tv, bt709, progressive), 1920x1080 [SAR 1:1 DAR 16:9], q=2-31, 200 kb/s, 30 fps, 30 tbn (default)
    Metadata:
      encoder         : Lavc62.28.101 wrapped_avframe
      handler_name    : VideoHandler
  Stream #0:1(und): Audio: pcm_s16le, 48000 Hz, stereo, s16, 1536 kb/s (default)
    Metadata:
      encoder         : Lavc62.28.101 pcm_s16le
      handler_name    : SoundHandler
frame=  275 fps=0.0 q=-0.0 size=N/A time=00:00:09.16 bitrate=N/A speed=17.6x elapsed=0:00:00.52    
frame=  521 fps=502 q=-0.0 size=N/A time=00:00:17.36 bitrate=N/A speed=16.7x elapsed=0:00:01.03    
frame=  766 fps=493 q=-0.0 size=N/A time=00:00:25.53 bitrate=N/A speed=16.4x elapsed=0:00:01.55    
[Parsed_volumedetect_0 @ 00000295c0070580] n_samples: 3457024
[Parsed_volumedetect_0 @ 00000295c0070580] mean_volume: -22.4 dB
[Parsed_volumedetect_0 @ 00000295c0070580] max_volume: -7.9 dB
[Parsed_volumedetect_0 @ 00000295c0070580] histogram_7db: 11
[Parsed_volumedetect_0 @ 00000295c0070580] histogram_8db: 348
[Parsed_volumedetect_0 @ 00000295c0070580] histogram_9db: 1235
[Parsed_volumedetect_0 @ 00000295c0070580] histogram_10db: 3583
[out#0/null @ 00000295c006f6c0] video:447KiB audio:6752KiB subtitle:0KiB other streams:0KiB global headers:0KiB muxing overhead: unknown
frame= 1080 fps=532 q=-0.0 Lsize=N/A time=00:00:36.00 bitrate=N/A speed=17.7x elapsed=0:00:02.02    
